            --------------------------------------------------------
                             AMBER SQM VERSION 19
 
                                     By
              Ross C. Walker, Michael F. Crowley, Scott Brozell,
                         Tim Giese, Andreas W. Goetz,
                        Tai-Sung Lee and David A. Case
 
            --------------------------------------------------------
 

--------------------------------------------------------------------------------
  QM CALCULATION INFO
--------------------------------------------------------------------------------

| QMMM: Citation for AMBER QMMM Run:
| QMMM: R.C. Walker, M.F. Crowley and D.A. Case, J. COMP. CHEM. 29:1019, 2008

QMMM: SINGLET STATE CALCULATION
QMMM: RHF CALCULATION, NO. OF DOUBLY OCCUPIED LEVELS = 51

| QMMM: *** Selected Hamiltonian *** 
| QMMM: AM1         

| QMMM: *** Parameter sets in use ***
| QMMM: N : M.J.S.DEWAR et al. JACS, 107, 3902, (1985)
| QMMM: C : M.J.S.DEWAR et al. JACS, 107, 3902, (1985)
| QMMM: O : M.J.S.DEWAR et al. JACS, 107, 3902, (1985)
| QMMM: H : M.J.S.DEWAR et al. JACS, 107, 3902, (1985)

| QMMM: *** SCF convergence criteria ***
| QMMM: Energy change                :  0.1D-09 kcal/mol
| QMMM: Error matrix |FP-PF|         :  0.1D+00 au
| QMMM: Density matrix change        :  0.5D-06
| QMMM: Maximum number of SCF cycles :     1000

| QMMM: *** Diagonalization Routine Information ***
| QMMM: Pseudo diagonalizations are allowed.
| QMMM: Auto diagonalization routine selection is in use.
| QMMM:
| QMMM: Timing diagonalization routines:
| QMMM:                              norbs =       95
| QMMM:    diag iterations used for timing =       15
| QMMM:
| QMMM:              Internal diag routine = 0.025912 seconds
| QMMM:                 Dspev diag routine = 0.036504 seconds
| QMMM:                Dspevd diag routine = 0.025966 seconds
| QMMM:                Dspevx diag routine = 0.073150 seconds
| QMMM:                 Dsyev diag routine = 0.020451 seconds
| QMMM:                Dsyevd diag routine = 0.034091 seconds
| QMMM:                Dsyevr diag routine = 0.033534 seconds
| QMMM:
| QMMM:                Pseudo diag routine = 0.007838 seconds
| QMMM:
| QMMM: Using dsyev routine (diag_routine=5).

  QMMM: QM Region Cartesian Coordinates (*=link atom) 
  QMMM: QM_NO.   MM_NO.  ATOM         X         Y         Z
  QMMM:     1        1      N        2.0270   -3.2520    1.8780
  QMMM:     2        2      C        1.4900   -2.1520    1.2250
  QMMM:     3        3      N        2.3530   -1.2570    0.7230
  QMMM:     4        4      C        1.8590   -0.1730    0.0960
  QMMM:     5        5      C        2.8190    0.7900   -0.4310
  QMMM:     6        6      C        2.6920    1.9930   -1.1030
  QMMM:     7        7      C        4.0040    2.4660   -1.3530
  QMMM:     8        8      C        4.8540    1.5270   -0.8180
  QMMM:     9        9      O        4.1500    0.5110   -0.2580
  QMMM:    10       10      N        0.5640    0.1400   -0.0970
  QMMM:    11       11      C       -0.2840   -0.7780    0.4110
  QMMM:    12       12      C        0.1130   -1.9290    1.0860
  QMMM:    13       13      C       -1.0590   -2.6150    1.4750
  QMMM:    14       14      C       -2.1340   -1.8730    1.0440
  QMMM:    15       15      N       -1.6830   -0.7410    0.3780
  QMMM:    16       16      C       -2.5300    0.2540   -0.2190
  QMMM:    17       17      C       -2.0120    1.2610   -1.0380
  QMMM:    18       18      C       -2.8830    2.1910   -1.5870
  QMMM:    19       19      N       -4.2150    2.1920   -1.3810
  QMMM:    20       20      C       -4.6990    1.2150   -0.5910
  QMMM:    21       21      C       -3.9130    0.2380    0.0040
  QMMM:    22       22      H        3.0060   -3.0920    2.0910
  QMMM:    23       23      H        1.4620   -3.6260    2.6270
  QMMM:    24       24      H        1.7580    2.4640   -1.3760
  QMMM:    25       25      H        4.2940    3.3760   -1.8580
  QMMM:    26       26      H        5.9290    1.4380   -0.7560
  QMMM:    27       27      H       -1.1140   -3.5560    2.0080
  QMMM:    28       28      H       -3.1860   -2.0940    1.1440
  QMMM:    29       29      H       -0.9640    1.3480   -1.2890
  QMMM:    30       30      H       -2.5150    2.9840   -2.2330
  QMMM:    31       31      H       -5.7740    1.2380   -0.4360
  QMMM:    32       32      H       -4.4100   -0.4890    0.6340

--------------------------------------------------------------------------------
  RESULTS
--------------------------------------------------------------------------------

      iter         sqm energy              rms gradient
      ----    -------------------    -----------------------
xmin    10      139.8917 kcal/mol        0.9119 kcal/(mol*A)
xmin    20      139.5359 kcal/mol        0.9997 kcal/(mol*A)
xmin    30      139.1515 kcal/mol        0.6749 kcal/(mol*A)
xmin    40      139.0878 kcal/mol        0.1534 kcal/(mol*A)
xmin    50      139.0721 kcal/mol        0.0701 kcal/(mol*A)
xmin    60      139.0645 kcal/mol        0.0479 kcal/(mol*A)
xmin    70      139.0621 kcal/mol        0.0352 kcal/(mol*A)
xmin    80      139.0610 kcal/mol        0.0196 kcal/(mol*A)
xmin    90      139.0597 kcal/mol        0.0511 kcal/(mol*A)
xmin   100      140.8915 kcal/mol        8.8657 kcal/(mol*A)
xmin   110      139.0588 kcal/mol        0.0439 kcal/(mol*A)
xmin   120      139.0580 kcal/mol        0.0648 kcal/(mol*A)
xmin   130      139.0563 kcal/mol        0.0674 kcal/(mol*A)
xmin   140      139.0552 kcal/mol        0.0265 kcal/(mol*A)
xmin   150      139.0549 kcal/mol        0.0313 kcal/(mol*A)
xmin   160      139.0545 kcal/mol        0.0187 kcal/(mol*A)
xmin   170      139.0543 kcal/mol        0.0124 kcal/(mol*A)
xmin   180      139.0542 kcal/mol        0.0066 kcal/(mol*A)
xmin   190      139.0541 kcal/mol        0.0037 kcal/(mol*A)
xmin   200      139.0540 kcal/mol        0.0033 kcal/(mol*A)
xmin   210      139.0540 kcal/mol        0.0023 kcal/(mol*A)
xmin   220      139.0540 kcal/mol        0.0046 kcal/(mol*A)
xmin   230      139.0540 kcal/mol        0.0045 kcal/(mol*A)
xmin   240      139.0540 kcal/mol        0.0025 kcal/(mol*A)
xmin   250      139.0540 kcal/mol        0.0031 kcal/(mol*A)
xmin   260      139.0540 kcal/mol        0.0021 kcal/(mol*A)
xmin   260      139.0540 kcal/mol        0.0005 kcal/(mol*A)
  ... geometry converged !
 
 Final MO eigenvalues (eV):
 -41.9847  -41.5803  -40.1356  -38.6267  -36.4686  -34.3994  -33.3865  -32.5348
 -31.7004  -30.9350  -30.5890  -28.2683  -25.2039  -24.8595  -24.3316  -23.3127
 -22.1033  -21.3855  -21.2223  -19.7904  -18.8569  -18.1074  -17.3834  -17.0410
 -16.8803  -16.7822  -16.2664  -16.1510  -15.7567  -15.3188  -14.9956  -14.8162
 -14.6414  -14.5145  -14.3085  -13.9318  -13.8015  -13.7353  -13.5424  -12.7819
 -12.6078  -12.1240  -11.2995  -10.9698  -10.6674  -10.4844  -10.4345  -10.1322
  -9.7405   -9.2761   -8.4561   -0.7286   -0.1172   -0.0029    0.2503    0.8971
   1.0531    1.3449    1.7331    2.1119    2.2273    2.5767    2.8140    3.0504
   3.2251    3.3290    3.3575    3.5585    3.5872    3.6974    3.8313    3.8407
   3.8938    3.9692    4.1547    4.2895    4.3112    4.5506    4.6080    4.6380
   4.7744    4.8433    4.8869    4.9414    5.0738    5.3796    5.3828    5.5513
   5.6116    5.8028    5.8664    6.0516    6.2270    6.6841    7.0234

 Heat of formation   =        139.05396370 kcal/mol  (        6.02983234 eV)

 Total SCF energy    =     -78933.11128866 kcal/mol  (    -3422.79655213 eV)
 Electronic energy   =    -507729.07306133 kcal/mol  (   -22016.78474747 eV)
 Core-core repulsion =     428795.96177267 kcal/mol  (    18593.98819534 eV)
 
    Atomic Charges for Step       1 :
  Atom    Element       Mulliken Charge
     1      N                 -0.341
     2      C                  0.210
     3      N                 -0.237
     4      C                  0.150
     5      C                 -0.014
     6      C                 -0.133
     7      C                 -0.215
     8      C                 -0.078
     9      O                 -0.067
    10      N                 -0.209
    11      C                  0.105
    12      C                 -0.235
    13      C                 -0.153
    14      C                 -0.086
    15      N                 -0.118
    16      C                  0.105
    17      C                 -0.177
    18      C                 -0.059
    19      N                 -0.142
    20      C                 -0.058
    21      C                 -0.207
    22      H                  0.229
    23      H                  0.218
    24      H                  0.174
    25      H                  0.163
    26      H                  0.192
    27      H                  0.158
    28      H                  0.176
    29      H                  0.173
    30      H                  0.165
    31      H                  0.162
    32      H                  0.148
 Total Mulliken Charge =       0.000
 
                  X        Y        Z     TOTAL  
  QM DIPOLE    -0.420   -2.170    2.193    3.114
 
 Final Structure

  QMMM: QM Region Cartesian Coordinates (*=link atom) 
  QMMM: QM_NO.   MM_NO.  ATOM         X         Y         Z
  QMMM:     1        1      N        1.9715   -3.3129    1.8962
  QMMM:     2        2      C        1.5164   -2.1562    1.2868
  QMMM:     3        3      N        2.4107   -1.2259    0.8286
  QMMM:     4        4      C        1.9132   -0.1372    0.1543
  QMMM:     5        5      C        2.8741    0.8582   -0.3369
  QMMM:     6        6      C        2.6886    2.1290   -0.8608
  QMMM:     7        7      C        4.0001    2.6421   -1.1732
  QMMM:     8        8      C        4.9031    1.6555   -0.8238
  QMMM:     9        9      O        4.2418    0.5475   -0.3064
  QMMM:    10       10      N        0.6032    0.1569   -0.1154
  QMMM:    11       11      C       -0.2786   -0.7672    0.3616
  QMMM:    12       12      C        0.1177   -1.9602    1.0881
  QMMM:    13       13      C       -1.0850   -2.6691    1.4342
  QMMM:    14       14      C       -2.1515   -1.9302    0.9430
  QMMM:    15       15      N       -1.6864   -0.7722    0.2798
  QMMM:    16       16      C       -2.5128    0.2087   -0.2935
  QMMM:    17       17      C       -2.1181    0.9422   -1.4331
  QMMM:    18       18      C       -3.0072    1.8986   -1.9514
  QMMM:    19       19      N       -4.2240    2.1588   -1.4381
  QMMM:    20       20      C       -4.5922    1.4492   -0.3545
  QMMM:    21       21      C       -3.7887    0.4753    0.2568
  QMMM:    22       22      H        2.9251   -3.3618    2.1688
  QMMM:    23       23      H        1.3141   -3.8005    2.4552
  QMMM:    24       24      H        1.7427    2.6443   -1.0088
  QMMM:    25       25      H        4.2153    3.6172   -1.6000
  QMMM:    26       26      H        5.9840    1.5517   -0.8614
  QMMM:    27       27      H       -1.1425   -3.6118    1.9709
  QMMM:    28       28      H       -3.2228   -2.1358    0.9884
  QMMM:    29       29      H       -1.1431    0.7871   -1.9162
  QMMM:    30       30      H       -2.7237    2.4921   -2.8403
  QMMM:    31       31      H       -5.5937    1.6790    0.0530
  QMMM:    32       32      H       -4.1525   -0.0533    1.1481

           --------- Calculation Completed ----------

