            --------------------------------------------------------
                             AMBER SQM VERSION 19
 
                                     By
              Ross C. Walker, Michael F. Crowley, Scott Brozell,
                         Tim Giese, Andreas W. Goetz,
                        Tai-Sung Lee and David A. Case
 
            --------------------------------------------------------
 

--------------------------------------------------------------------------------
  QM CALCULATION INFO
--------------------------------------------------------------------------------

| QMMM: Citation for AMBER QMMM Run:
| QMMM: R.C. Walker, M.F. Crowley and D.A. Case, J. COMP. CHEM. 29:1019, 2008

QMMM: SINGLET STATE CALCULATION
QMMM: RHF CALCULATION, NO. OF DOUBLY OCCUPIED LEVELS = 59

| QMMM: *** Selected Hamiltonian *** 
| QMMM: AM1         

| QMMM: *** Parameter sets in use ***
| QMMM: C : M.J.S.DEWAR et al. JACS, 107, 3902, (1985)
| QMMM: O : M.J.S.DEWAR et al. JACS, 107, 3902, (1985)
| QMMM: N : M.J.S.DEWAR et al. JACS, 107, 3902, (1985)
| QMMM: H : M.J.S.DEWAR et al. JACS, 107, 3902, (1985)

| QMMM: *** SCF convergence criteria ***
| QMMM: Energy change                :  0.1D-09 kcal/mol
| QMMM: Error matrix |FP-PF|         :  0.1D+00 au
| QMMM: Density matrix change        :  0.5D-06
| QMMM: Maximum number of SCF cycles :     1000

| QMMM: *** Diagonalization Routine Information ***
| QMMM: Pseudo diagonalizations are allowed.
| QMMM: Auto diagonalization routine selection is in use.
| QMMM:
| QMMM: Timing diagonalization routines:
| QMMM:                              norbs =      104
| QMMM:    diag iterations used for timing =       10
| QMMM:
| QMMM:              Internal diag routine = 0.021424 seconds
| QMMM:                 Dspev diag routine = 0.034469 seconds
| QMMM:                Dspevd diag routine = 0.038974 seconds
| QMMM:                Dspevx diag routine = 0.083200 seconds
| QMMM:                 Dsyev diag routine = 0.013943 seconds
| QMMM:                Dsyevd diag routine = 0.067507 seconds
| QMMM:                Dsyevr diag routine = 0.020159 seconds
| QMMM:
| QMMM:                Pseudo diag routine = 0.006325 seconds
| QMMM:
| QMMM: Using dsyev routine (diag_routine=5).

  QMMM: QM Region Cartesian Coordinates (*=link atom) 
  QMMM: QM_NO.   MM_NO.  ATOM         X         Y         Z
  QMMM:     1        1      C        0.6960    0.4960    3.2950
  QMMM:     2        2      O        1.8650    0.7410    3.0830
  QMMM:     3        3      N        0.3020    0.0960    4.5200
  QMMM:     4        4      C        1.2860   -0.0430    5.5960
  QMMM:     5        5      C        0.5830   -0.5070    6.8730
  QMMM:     6        6      C       -0.3160    0.6410    2.1880
  QMMM:     7        7      O        0.3330    0.9970    0.9490
  QMMM:     8        8      C       -0.9790   -0.7240    1.8730
  QMMM:     9        9      O       -2.0990   -0.9620    2.7280
  QMMM:    10       10      C       -1.4350   -0.5300    0.4050
  QMMM:    11       11      O       -2.8180   -0.1720    0.3540
  QMMM:    12       12      C       -0.5590    0.6260   -0.1140
  QMMM:    13       13      N        0.2100    0.1870   -1.2800
  QMMM:    14       14      C        1.4450   -0.3880   -1.2610
  QMMM:    15       15      N        1.8320   -0.6520   -2.4760
  QMMM:    16       16      C        0.8710   -0.2640   -3.3490
  QMMM:    17       17      C        0.7350   -0.2970   -4.7470
  QMMM:    18       18      N        1.7380   -0.8210   -5.5440
  QMMM:    19       19      N       -0.3790    0.1840   -5.2860
  QMMM:    20       20      C       -1.3410    0.6850   -4.5340
  QMMM:    21       21      N       -1.2570    0.7370   -3.2210
  QMMM:    22       22      C       -0.1820    0.2730   -2.5920
  QMMM:    23       23      H       -0.6320   -0.0990    4.6890
  QMMM:    24       24      H        1.7680    0.9170    5.7760
  QMMM:    25       25      H        2.0380   -0.7780    5.3080
  QMMM:    26       26      H        1.3150   -0.6120    7.6740
  QMMM:    27       27      H       -0.1680    0.2270    7.1620
  QMMM:    28       28      H        0.1010   -1.4690    6.6940
  QMMM:    29       29      H       -1.0700    1.3820    2.4530
  QMMM:    30       30      H       -0.2530   -1.5330    1.9520
  QMMM:    31       31      H       -1.7490   -1.0740    3.6230
  QMMM:    32       32      H       -1.2540   -1.4350   -0.1740
  QMMM:    33       33      H       -3.3150   -0.9310    0.6900
  QMMM:    34       34      H       -1.1880    1.4750   -0.3830
  QMMM:    35       35      H        2.0190   -0.5940   -0.3700
  QMMM:    36       36      H        1.6330   -0.8380   -6.5080
  QMMM:    37       37      H        2.5470   -1.1700   -5.1380
  QMMM:    38       38      H       -2.2300    1.0670   -5.0130

--------------------------------------------------------------------------------
  RESULTS
--------------------------------------------------------------------------------

      iter         sqm energy              rms gradient
      ----    -------------------    -----------------------
xmin    10      -70.7319 kcal/mol        2.3168 kcal/(mol*A)
xmin    20      -74.8010 kcal/mol        3.7072 kcal/(mol*A)
xmin    30      -75.8831 kcal/mol        1.2021 kcal/(mol*A)
xmin    40      -76.2433 kcal/mol        0.3860 kcal/(mol*A)
xmin    50      -76.5127 kcal/mol        1.1212 kcal/(mol*A)
xmin    60      -77.0711 kcal/mol        0.6555 kcal/(mol*A)
xmin    70      -78.0294 kcal/mol        0.9340 kcal/(mol*A)
xmin    80      -78.4053 kcal/mol        0.3893 kcal/(mol*A)
xmin    90      -78.9699 kcal/mol        0.3979 kcal/(mol*A)
xmin   100      -79.2222 kcal/mol        0.2968 kcal/(mol*A)
xmin   110      -79.3118 kcal/mol        0.3673 kcal/(mol*A)
xmin   120      -79.4135 kcal/mol        0.2277 kcal/(mol*A)
xmin   130      -79.4730 kcal/mol        0.4262 kcal/(mol*A)
xmin   140      -79.5000 kcal/mol        0.0515 kcal/(mol*A)
xmin   150      -79.5072 kcal/mol        0.0845 kcal/(mol*A)
xmin   160      -79.5171 kcal/mol        0.0614 kcal/(mol*A)
xmin   170      -79.5226 kcal/mol        0.0311 kcal/(mol*A)
xmin   180      -79.5264 kcal/mol        0.1012 kcal/(mol*A)
xmin   190      -79.5292 kcal/mol        0.0173 kcal/(mol*A)
xmin   200      -79.5301 kcal/mol        0.0433 kcal/(mol*A)
xmin   210      -79.5304 kcal/mol        0.0160 kcal/(mol*A)
xmin   220      -79.5308 kcal/mol        0.0157 kcal/(mol*A)
xmin   230      -79.5315 kcal/mol        0.0604 kcal/(mol*A)
xmin   240      -79.5326 kcal/mol        0.0116 kcal/(mol*A)
xmin   250      -79.5340 kcal/mol        0.0156 kcal/(mol*A)
xmin   260      -79.5353 kcal/mol        0.0284 kcal/(mol*A)
xmin   270      -79.5659 kcal/mol        0.2766 kcal/(mol*A)
xmin   280      -79.6140 kcal/mol        0.1771 kcal/(mol*A)
xmin   290      -79.6291 kcal/mol        0.1719 kcal/(mol*A)
xmin   300      -79.6334 kcal/mol        0.1140 kcal/(mol*A)
xmin   310      -79.3670 kcal/mol        1.5604 kcal/(mol*A)
xmin   320      -79.6342 kcal/mol        0.0695 kcal/(mol*A)
xmin   330      -79.6358 kcal/mol        0.0218 kcal/(mol*A)
xmin   340      -79.6382 kcal/mol        0.0148 kcal/(mol*A)
xmin   350      -79.6387 kcal/mol        0.0171 kcal/(mol*A)
xmin   360      -79.6388 kcal/mol        0.0158 kcal/(mol*A)
xmin   370      -79.6390 kcal/mol        0.0091 kcal/(mol*A)
xmin   380      -79.6390 kcal/mol        0.0042 kcal/(mol*A)
xmin   390      -79.6391 kcal/mol        0.0076 kcal/(mol*A)
xmin   400      -79.6391 kcal/mol        0.0024 kcal/(mol*A)
xmin   410      -79.6391 kcal/mol        0.0045 kcal/(mol*A)
xmin   420      -79.6391 kcal/mol        0.0026 kcal/(mol*A)
xmin   430      -79.6391 kcal/mol        0.0021 kcal/(mol*A)
xmin   440      -79.6391 kcal/mol        0.0034 kcal/(mol*A)
xmin   450      -79.6391 kcal/mol        0.0012 kcal/(mol*A)
xmin   450      -79.6391 kcal/mol        0.0005 kcal/(mol*A)
  ... geometry converged !
 
 Final MO eigenvalues (eV):
 -42.4083  -41.3953  -39.5870  -38.9568  -38.1972  -37.5220  -36.4816  -36.1600
 -34.1803  -32.5320  -31.7713  -31.2114  -29.6181  -29.1914  -25.7204  -24.6278
 -24.1364  -23.9234  -23.1307  -21.7392  -21.4209  -20.0014  -19.5180  -19.3618
 -18.8280  -18.4644  -18.0650  -17.4641  -17.2061  -16.9556  -16.8235  -16.1300
 -15.8967  -15.8141  -15.6236  -15.2496  -15.1389  -14.8905  -14.7795  -14.6229
 -14.3600  -14.0895  -13.9429  -13.6213  -13.1235  -12.9783  -12.9330  -12.5727
 -12.4555  -12.1585  -11.9688  -11.6381  -11.5756  -11.0849  -10.8108  -10.4698
 -10.2202  -10.1372   -8.8707   -0.2670    0.2157    0.9007    1.0042    1.2651
   1.6308    1.9680    2.0947    2.3457    2.4646    2.6971    2.7265    2.8116
   2.8718    3.0922    3.1622    3.2502    3.4531    3.5450    3.6151    3.6704
   3.7088    3.8052    3.8875    3.9744    4.0438    4.1016    4.4249    4.4409
   4.5355    4.6201    4.7599    4.9834    5.0532    5.2291    5.3468    5.3941
   5.6375    5.9006    5.9754    6.0703    6.2082    6.2519    6.7559    7.0804


 Heat of formation   =        -79.63909704 kcal/mol  (       -3.45341039 eV)

 Total SCF energy    =     -98683.42534181 kcal/mol  (    -4279.23443657 eV)
 Electronic energy   =    -667873.99306606 kcal/mol  (   -28961.18958701 eV)
 Core-core repulsion =     569190.56772424 kcal/mol  (    24681.95515044 eV)
 
    Atomic Charges for Step       1 :
  Atom    Element       Mulliken Charge
     1      C                  0.283
     2      O                 -0.396
     3      N                 -0.355
     4      C                 -0.030
     5      C                 -0.234
     6      C                 -0.035
     7      O                 -0.266
     8      C                 -0.018
     9      O                 -0.325
    10      C                  0.013
    11      O                 -0.311
    12      C                  0.155
    13      N                 -0.206
    14      C                 -0.053
    15      N                 -0.107
    16      C                 -0.248
    17      C                  0.243
    18      N                 -0.356
    19      N                 -0.268
    20      C                  0.028
    21      N                 -0.207
    22      C                  0.084
    23      H                  0.244
    24      H                  0.081
    25      H                  0.120
    26      H                  0.087
    27      H                  0.078
    28      H                  0.084
    29      H                  0.147
    30      H                  0.116
    31      H                  0.235
    32      H                  0.112
    33      H                  0.237
    34      H                  0.188
    35      H                  0.201
    36      H                  0.240
    37      H                  0.249
    38      H                  0.191
 Total Mulliken Charge =       0.000
 
                  X        Y        Z     TOTAL  
  QM DIPOLE     1.563   -1.152    0.945    2.160
 
 Final Structure

  QMMM: QM Region Cartesian Coordinates (*=link atom) 
  QMMM: QM_NO.   MM_NO.  ATOM         X         Y         Z
  QMMM:     1        1      C       -0.2892   -0.6006    3.1463
  QMMM:     2        2      O       -0.3134   -1.6203    3.8720
  QMMM:     3        3      N        0.8265    0.1742    2.9922
  QMMM:     4        4      C        2.0626   -0.0806    3.6833
  QMMM:     5        5      C        2.5877    1.1104    4.4706
  QMMM:     6        6      C       -1.5780   -0.1904    2.4260
  QMMM:     7        7      O       -1.3426    0.6848    1.3252
  QMMM:     8        8      C       -2.3388   -1.4318    1.9117
  QMMM:     9        9      O       -3.5302   -1.6457    2.6362
  QMMM:    10       10      C       -2.7013   -1.1066    0.4478
  QMMM:    11       11      O       -4.0170   -0.6353    0.2603
  QMMM:    12       12      C       -1.7686    0.0946    0.0802
  QMMM:    13       13      N       -0.6398   -0.2844   -0.7265
  QMMM:    14       14      C        0.2134   -1.4110   -0.5705
  QMMM:    15       15      N        1.2581   -1.4170   -1.4060
  QMMM:    16       16      C        1.1365   -0.2340   -2.1532
  QMMM:    17       17      C        1.9292    0.3400   -3.2027
  QMMM:    18       18      N        3.0672   -0.2885   -3.6323
  QMMM:    19       19      N        1.5318    1.5392   -3.7510
  QMMM:    20       20      C        0.4060    2.1144   -3.2546
  QMMM:    21       21      N       -0.4323    1.6956   -2.2755
  QMMM:    22       22      C       -0.0471    0.5052   -1.7296
  QMMM:    23       23      H        0.7753    0.9779    2.4091
  QMMM:    24       24      H        2.8378   -0.3786    2.9175
  QMMM:    25       25      H        1.9131   -0.9538    4.3824
  QMMM:    26       26      H        3.5601    0.8259    4.9400
  QMMM:    27       27      H        2.7585    1.9924    3.8078
  QMMM:    28       28      H        1.8761    1.4064    5.2780
  QMMM:    29       29      H       -2.2075    0.3922    3.1578
  QMMM:    30       30      H       -1.6845   -2.3456    1.9646
  QMMM:    31       31      H       -3.2679   -1.9589    3.5131
  QMMM:    32       32      H       -2.5384   -2.0022   -0.2094
  QMMM:    33       33      H       -4.5995   -1.1274    0.8561
  QMMM:    34       34      H       -2.3423    0.9154   -0.4497
  QMMM:    35       35      H       -0.0102   -2.1890    0.1699
  QMMM:    36       36      H        3.5842    0.0707   -4.3956
  QMMM:    37       37      H        3.2858   -1.1813   -3.2669
  QMMM:    38       38      H        0.1317    3.0819   -3.7298

           --------- Calculation Completed ----------

