            --------------------------------------------------------
                             AMBER SQM VERSION 19
 
                                     By
              Ross C. Walker, Michael F. Crowley, Scott Brozell,
                         Tim Giese, Andreas W. Goetz,
                        Tai-Sung Lee and David A. Case
 
            --------------------------------------------------------
 

--------------------------------------------------------------------------------
  QM CALCULATION INFO
--------------------------------------------------------------------------------

| QMMM: Citation for AMBER QMMM Run:
| QMMM: R.C. Walker, M.F. Crowley and D.A. Case, J. COMP. CHEM. 29:1019, 2008

QMMM: SINGLET STATE CALCULATION
QMMM: RHF CALCULATION, NO. OF DOUBLY OCCUPIED LEVELS = 63

| QMMM: *** Selected Hamiltonian *** 
| QMMM: AM1         

| QMMM: *** Parameter sets in use ***
| QMMM: C : M.J.S.DEWAR et al. JACS, 107, 3902, (1985)
| QMMM: O : M.J.S.DEWAR et al. JACS, 107, 3902, (1985)
| QMMM: N : M.J.S.DEWAR et al. JACS, 107, 3902, (1985)
| QMMM: H : M.J.S.DEWAR et al. JACS, 107, 3902, (1985)

| QMMM: *** SCF convergence criteria ***
| QMMM: Energy change                :  0.1D-09 kcal/mol
| QMMM: Error matrix |FP-PF|         :  0.1D+00 au
| QMMM: Density matrix change        :  0.5D-06
| QMMM: Maximum number of SCF cycles :     1000

| QMMM: *** Diagonalization Routine Information ***
| QMMM: Pseudo diagonalizations are allowed.
| QMMM: Auto diagonalization routine selection is in use.
| QMMM:
| QMMM: Timing diagonalization routines:
| QMMM:                              norbs =      115
| QMMM:    diag iterations used for timing =       10
| QMMM:
| QMMM:              Internal diag routine = 0.040596 seconds
| QMMM:                 Dspev diag routine = 0.022799 seconds
| QMMM:                Dspevd diag routine = 0.047746 seconds
| QMMM:                Dspevx diag routine = 0.086203 seconds
| QMMM:                 Dsyev diag routine = 0.014709 seconds
| QMMM:                Dsyevd diag routine = 0.034356 seconds
| QMMM:                Dsyevr diag routine = 0.043529 seconds
| QMMM:
| QMMM:                Pseudo diag routine = 0.009321 seconds
| QMMM:
| QMMM: Using dsyev routine (diag_routine=5).

  QMMM: QM Region Cartesian Coordinates (*=link atom) 
  QMMM: QM_NO.   MM_NO.  ATOM         X         Y         Z
  QMMM:     1        1      C        1.6420  103.0100   55.7990
  QMMM:     2        2      C        1.3650  104.3640   55.6720
  QMMM:     3        3      C        0.1430  104.7470   55.1480
  QMMM:     4        4      O       -0.1740  106.1290   54.9980
  QMMM:     5        5      C       -0.7910  103.7770   54.7640
  QMMM:     6        6      C       -0.5150  102.4240   54.8580
  QMMM:     7        7      C        0.6820  102.0420   55.4110
  QMMM:     8        8      C        0.9900  100.5800   55.5100
  QMMM:     9        9      C        1.9100  100.3800   54.3160
  QMMM:    10       10      N        2.3130   99.0160   54.2020
  QMMM:    11       11      C        1.4570   98.1160   53.5180
  QMMM:    12       12      N        1.8680   96.8860   53.3500
  QMMM:    13       13      N        0.2830   98.6170   53.1170
  QMMM:    14       14      C       -0.5200   97.7590   52.4980
  QMMM:    15       15      N       -1.7310   98.2890   52.0640
  QMMM:    16       16      N       -0.1180   96.5010   52.2980
  QMMM:    17       17      N       -0.7810   95.4710   51.7410
  QMMM:    18       18      C        1.0480   96.0690   52.7200
  QMMM:    19       19      N        1.2050   94.8120   52.4130
  QMMM:    20       20      C        0.0480   94.4730   51.8090
  QMMM:    21       21      C       -0.2690   93.2320   51.3250
  QMMM:    22       22      C        0.4580   92.0960   51.1450
  QMMM:    23       23      C       -0.4620   91.1820   50.6770
  QMMM:    24       24      C       -1.6900   91.7760   50.6020
  QMMM:    25       25      O       -1.5730   93.0240   51.0240
  QMMM:    26       26      H        2.4590  102.7360   56.1490
  QMMM:    27       27      H        1.9870  105.0020   55.9390
  QMMM:    28       28      H       -0.2950  106.3040   54.1750
  QMMM:    29       29      H       -1.6020  104.0490   54.4000
  QMMM:    30       30      H       -1.1460  101.7900   54.6030
  QMMM:    31       31      H        0.1840  100.0490   55.4190
  QMMM:    32       32      H        1.4500  100.3780   56.3390
  QMMM:    33       33      H        2.6970  100.9360   54.4230
  QMMM:    34       34      H        1.4430  100.6420   53.5070
  QMMM:    35       35      H        3.0560   98.7470   54.5390
  QMMM:    36       36      H       -1.8020   99.1330   51.9150
  QMMM:    37       37      H       -2.4080   97.7720   51.9440
  QMMM:    38       38      H        1.3680   91.9700   51.2890
  QMMM:    39       39      H       -0.2740   90.3040   50.4360
  QMMM:    40       40      H       -2.4770   91.3680   50.3180

--------------------------------------------------------------------------------
  RESULTS
--------------------------------------------------------------------------------

      iter         sqm energy              rms gradient
      ----    -------------------    -----------------------
xmin    10      133.7956 kcal/mol        0.5544 kcal/(mol*A)
xmin    20      132.8689 kcal/mol        0.4686 kcal/(mol*A)
xmin    30      132.6710 kcal/mol        0.0898 kcal/(mol*A)
xmin    40      132.6336 kcal/mol        0.2038 kcal/(mol*A)
xmin    50      132.6044 kcal/mol        0.0568 kcal/(mol*A)
xmin    60      132.5873 kcal/mol        0.0246 kcal/(mol*A)
xmin    70      132.5867 kcal/mol        0.0029 kcal/(mol*A)
  ... geometry converged !
 
 Final MO eigenvalues (eV):
 -42.0742  -41.5546  -40.5349  -39.3383  -38.2508  -37.5499  -35.8498  -33.7828
 -33.2084  -33.0458  -32.6112  -31.8418  -31.0690  -29.4179  -28.3275  -25.2699
 -25.0458  -23.9592  -23.5600  -23.0103  -22.2034  -21.8664  -21.0200  -20.1385
 -19.5275  -19.1914  -18.5652  -17.7387  -17.5108  -17.4215  -17.1340  -16.7423
 -16.6569  -16.0914  -16.0823  -15.4367  -15.2441  -15.1491  -14.9517  -14.6295
 -14.4786  -14.3361  -14.1306  -13.9445  -13.8701  -13.7848  -13.5661  -13.4061
 -12.9249  -12.7867  -12.5156  -12.2624  -11.8290  -11.6304  -11.5285  -11.2983
 -10.8550  -10.6329  -10.3503  -10.0392   -9.2861   -9.0953   -8.7873   -0.6005
  -0.2834    0.2071    0.2558    0.3537    0.4473    1.2811    1.3447    1.7505
   2.0422    2.1797    2.3066    2.5647    2.6643    2.8615    3.1713    3.3859
   3.4074    3.5948    3.6496    3.6637    3.7749    3.8932    3.9138    3.9210
   4.0451    4.1034    4.1428    4.2961    4.4455    4.5367    4.6216    4.6620
   4.7097    4.8379    4.8790    4.9121    5.0367    5.0527    5.0723    5.1798
   5.3773    5.4514    5.4759    5.5724    5.6486    5.7172    5.8660    5.9300
   6.1533    6.6877    6.9241

 Heat of formation   =        132.58672093 kcal/mol  (        5.74939165 eV)

 Total SCF energy    =    -100066.84152242 kcal/mol  (    -4339.22386377 eV)
 Electronic energy   =    -665952.92730096 kcal/mol  (   -28877.88592433 eV)
 Core-core repulsion =     565886.08577854 kcal/mol  (    24538.66206056 eV)
 
    Atomic Charges for Step       1 :
  Atom    Element       Mulliken Charge
     1      C                 -0.092
     2      C                 -0.155
     3      C                  0.080
     4      O                 -0.250
     5      C                 -0.212
     6      C                 -0.087
     7      C                 -0.111
     8      C                 -0.151
     9      C                 -0.034
    10      N                 -0.261
    11      C                  0.212
    12      N                 -0.242
    13      N                 -0.319
    14      C                  0.318
    15      N                 -0.358
    16      N                 -0.212
    17      N                 -0.098
    18      C                  0.126
    19      N                 -0.157
    20      C                  0.026
    21      C                 -0.000
    22      C                 -0.126
    23      C                 -0.211
    24      C                 -0.077
    25      O                 -0.083
    26      H                  0.135
    27      H                  0.152
    28      H                  0.218
    29      H                  0.134
    30      H                  0.136
    31      H                  0.103
    32      H                  0.089
    33      H                  0.100
    34      H                  0.119
    35      H                  0.232
    36      H                  0.254
    37      H                  0.261
    38      H                  0.180
    39      H                  0.165
    40      H                  0.192
 Total Mulliken Charge =      -0.000
 
                  X        Y        Z     TOTAL  
  QM DIPOLE    -3.307    2.824   -1.221    4.517
 
 Final Structure

  QMMM: QM Region Cartesian Coordinates (*=link atom) 
  QMMM: QM_NO.   MM_NO.  ATOM         X         Y         Z
  QMMM:     1        1      C        1.5399  102.9279   56.3206
  QMMM:     2        2      C        1.2438  104.2619   56.5768
  QMMM:     3        3      C        0.2247  104.8881   55.8400
  QMMM:     4        4      O       -0.0237  106.2087   56.1357
  QMMM:     5        5      C       -0.4887  104.1835   54.8601
  QMMM:     6        6      C       -0.1768  102.8484   54.6203
  QMMM:     7        7      C        0.8372  102.2105   55.3438
  QMMM:     8        8      C        1.1526  100.7810   55.0840
  QMMM:     9        9      C        1.9091  100.6346   53.7574
  QMMM:    10       10      N        2.3274   99.2978   53.4244
  QMMM:    11       11      C        1.4153   98.3143   53.0138
  QMMM:    12       12      N        1.8394   97.0120   53.1130
  QMMM:    13       13      N        0.1873   98.7519   52.4810
  QMMM:    14       14      C       -0.6531   97.8182   51.9584
  QMMM:    15       15      N       -1.8802   98.1959   51.4544
  QMMM:    16       16      N       -0.2875   96.4541   51.9538
  QMMM:    17       17      N       -0.9456   95.3673   51.5065
  QMMM:    18       18      C        0.9931   96.0708   52.5731
  QMMM:    19       19      N        1.0943   94.7106   52.4798
  QMMM:    20       20      C       -0.1066   94.3270   51.8243
  QMMM:    21       21      C       -0.3674   92.9371   51.5394
  QMMM:    22       22      C        0.3673   91.7889   51.7878
  QMMM:    23       23      C       -0.4083   90.6861   51.2724
  QMMM:    24       24      C       -1.5645   91.2273   50.7431
  QMMM:    25       25      O       -1.5702   92.6108   50.8914
  QMMM:    26       26      H        2.3358  102.4313   56.8970
  QMMM:    27       27      H        1.7892  104.8318   57.3418
  QMMM:    28       28      H       -0.7441  106.5119   55.5642
  QMMM:    29       29      H       -1.2857  104.6801   54.2895
  QMMM:    30       30      H       -0.7336  102.2870   53.8543
  QMMM:    31       31      H        0.1995  100.1884   55.0396
  QMMM:    32       32      H        1.7689  100.3631   55.9240
  QMMM:    33       33      H        2.8528  101.2527   53.8073
  QMMM:    34       34      H        1.2712  101.0505   52.9272
  QMMM:    35       35      H        3.0930   98.9500   53.9675
  QMMM:    36       36      H       -2.0888   99.1619   51.3786
  QMMM:    37       37      H       -2.4596   97.5336   50.9980
  QMMM:    38       38      H        1.3381   91.7274   52.2750
  QMMM:    39       39      H       -0.1205   89.6393   51.3044
  QMMM:    40       40      H       -2.4469   90.8287   50.2503

           --------- Calculation Completed ----------

