            --------------------------------------------------------
                             AMBER SQM VERSION 19
 
                                     By
              Ross C. Walker, Michael F. Crowley, Scott Brozell,
                         Tim Giese, Andreas W. Goetz,
                        Tai-Sung Lee and David A. Case
 
            --------------------------------------------------------
 

--------------------------------------------------------------------------------
  QM CALCULATION INFO
--------------------------------------------------------------------------------

| QMMM: Citation for AMBER QMMM Run:
| QMMM: R.C. Walker, M.F. Crowley and D.A. Case, J. COMP. CHEM. 29:1019, 2008

QMMM: SINGLET STATE CALCULATION
QMMM: RHF CALCULATION, NO. OF DOUBLY OCCUPIED LEVELS = 71

| QMMM: *** Selected Hamiltonian *** 
| QMMM: AM1         

| QMMM: *** Parameter sets in use ***
| QMMM: C : M.J.S.DEWAR et al. JACS, 107, 3902, (1985)
| QMMM: O : M.J.S.DEWAR et al. JACS, 107, 3902, (1985)
| QMMM: H : M.J.S.DEWAR et al. JACS, 107, 3902, (1985)

| QMMM: *** SCF convergence criteria ***
| QMMM: Energy change                :  0.1D-09 kcal/mol
| QMMM: Error matrix |FP-PF|         :  0.1D+00 au
| QMMM: Density matrix change        :  0.5D-06
| QMMM: Maximum number of SCF cycles :     1000

| QMMM: *** Diagonalization Routine Information ***
| QMMM: Pseudo diagonalizations are allowed.
| QMMM: Auto diagonalization routine selection is in use.
| QMMM:
| QMMM: Timing diagonalization routines:
| QMMM:                              norbs =      131
| QMMM:    diag iterations used for timing =       10
| QMMM:
| QMMM:              Internal diag routine = 0.058483 seconds
| QMMM:                 Dspev diag routine = 0.024288 seconds
| QMMM:                Dspevd diag routine = 0.047639 seconds
| QMMM:                Dspevx diag routine = 0.119289 seconds
| QMMM:                 Dsyev diag routine = 0.057142 seconds
| QMMM:                Dsyevd diag routine = 0.057989 seconds
| QMMM:                Dsyevr diag routine = 0.125479 seconds
| QMMM:
| QMMM:                Pseudo diag routine = 0.016701 seconds
| QMMM:
| QMMM: Using dspev routine (diag_routine=2).

  QMMM: QM Region Cartesian Coordinates (*=link atom) 
  QMMM: QM_NO.   MM_NO.  ATOM         X         Y         Z
  QMMM:     1        1      C        6.9680    0.5560   -3.0050
  QMMM:     2        2      C        6.1990   -0.2370   -1.9600
  QMMM:     3        3      C        6.5040    0.2610   -0.5470
  QMMM:     4        4      C        5.8410   -0.5770    0.5510
  QMMM:     5        5      C        4.3090   -0.6550    0.4960
  QMMM:     6        6      C        3.6020    0.7030    0.5720
  QMMM:     7        7      O        4.0030    1.3790    1.7560
  QMMM:     8        8      C        2.1020    0.5300    0.5280
  QMMM:     9        9      C        1.2410    0.7410    1.5400
  QMMM:    10       10      C       -0.2630    0.5790    1.5400
  QMMM:    11       11      C       -0.8710    1.9610    1.7750
  QMMM:    12       12      O       -0.7470    2.6030    2.8130
  QMMM:    13       13      C       -1.6290    2.4710    0.5770
  QMMM:    14       14      C       -1.1600    1.5000   -0.4970
  QMMM:    15       15      O       -2.0220    1.4780   -1.6140
  QMMM:    16       16      C       -0.9720    0.1520    0.2290
  QMMM:    17       17      C       -2.2720   -0.6180    0.5710
  QMMM:    18       18      C       -2.9470   -1.2380   -0.6190
  QMMM:    19       19      C       -4.2250   -1.0800   -1.0020
  QMMM:    20       20      C       -5.2800   -0.2140   -0.3700
  QMMM:    21       21      C       -6.2920   -0.9980    0.4680
  QMMM:    22       22      C       -7.1490   -1.9560   -0.3560
  QMMM:    23       23      C       -8.2630   -2.6570    0.4260
  QMMM:    24       24      O       -8.3190   -2.4220    1.6640
  QMMM:    25       25      O       -9.0010   -3.3990   -0.2840
  QMMM:    26       26      H        6.7050    1.6170   -2.9630
  QMMM:    27       27      H        6.7340    0.1860   -4.0080
  QMMM:    28       28      H        8.0480    0.4630   -2.8520
  QMMM:    29       29      H        5.1280   -0.1490   -2.1720
  QMMM:    30       30      H        6.4630   -1.2980   -2.0460
  QMMM:    31       31      H        7.5890    0.2340   -0.3840
  QMMM:    32       32      H        6.2070    1.3110   -0.4500
  QMMM:    33       33      H        6.2380   -1.5990    0.5040
  QMMM:    34       34      H        6.1470   -0.1770    1.5260
  QMMM:    35       35      H        3.9900   -1.2720    1.3480
  QMMM:    36       36      H        3.9980   -1.1920   -0.4070
  QMMM:    37       37      H        3.8920    1.3300   -0.2780
  QMMM:    38       38      H        3.5090    2.2160    1.7820
  QMMM:    39       39      H        1.7320    0.1990   -0.4390
  QMMM:    40       40      H        1.6430    1.0450    2.5090
  QMMM:    41       41      H       -0.5440   -0.0790    2.3700
  QMMM:    42       42      H       -1.3460    3.4980    0.3370
  QMMM:    43       43      H       -2.7060    2.4140    0.7540
  QMMM:    44       44      H       -0.1860    1.8380   -0.8720
  QMMM:    45       45      H       -2.9000    1.1560   -1.3410
  QMMM:    46       46      H       -0.3510   -0.5180   -0.3770
  QMMM:    47       47      H       -2.0130   -1.4480    1.2420
  QMMM:    48       48      H       -2.9540    0.0180    1.1410
  QMMM:    49       49      H       -2.3360   -1.9280   -1.2000
  QMMM:    50       50      H       -4.5650   -1.6450   -1.8710
  QMMM:    51       51      H       -4.8260    0.5590    0.2590
  QMMM:    52       52      H       -5.8020    0.3300   -1.1670
  QMMM:    53       53      H       -6.9440   -0.2760    0.9760
  QMMM:    54       54      H       -5.7690   -1.5530    1.2580
  QMMM:    55       55      H       -6.5210   -2.7380   -0.7980
  QMMM:    56       56      H       -7.6200   -1.4070   -1.1820

--------------------------------------------------------------------------------
  RESULTS
--------------------------------------------------------------------------------

      iter         sqm energy              rms gradient
      ----    -------------------    -----------------------
xmin    10     -275.0912 kcal/mol        1.2258 kcal/(mol*A)
xmin    20     -275.4758 kcal/mol        0.2410 kcal/(mol*A)
xmin    30     -275.6682 kcal/mol        0.6686 kcal/(mol*A)
xmin    40     -276.0999 kcal/mol        0.2458 kcal/(mol*A)
xmin    50     -276.3723 kcal/mol        0.1429 kcal/(mol*A)
xmin    60     -276.4740 kcal/mol        0.0971 kcal/(mol*A)
xmin    70     -276.6340 kcal/mol        0.5581 kcal/(mol*A)
xmin    80     -276.8211 kcal/mol        0.3453 kcal/(mol*A)
xmin    90     -276.7339 kcal/mol        0.1410 kcal/(mol*A)
xmin   100     -276.7862 kcal/mol        0.0901 kcal/(mol*A)
xmin   110     -276.9467 kcal/mol        0.4222 kcal/(mol*A)
xmin   120     -277.0853 kcal/mol        0.0689 kcal/(mol*A)
xmin   130     -277.1328 kcal/mol        0.1163 kcal/(mol*A)
xmin   140     -277.2702 kcal/mol        0.3761 kcal/(mol*A)
xmin   150     -277.2852 kcal/mol        0.3263 kcal/(mol*A)
xmin   160     -277.5144 kcal/mol        0.0785 kcal/(mol*A)
xmin   170     -277.5804 kcal/mol        0.1511 kcal/(mol*A)
xmin   180     -277.6762 kcal/mol        0.2041 kcal/(mol*A)
xmin   190     -277.7328 kcal/mol        0.2195 kcal/(mol*A)
xmin   200     -277.7499 kcal/mol        0.1186 kcal/(mol*A)
xmin   210     -277.7679 kcal/mol        0.0490 kcal/(mol*A)
xmin   220     -277.7764 kcal/mol        0.0731 kcal/(mol*A)
xmin   230     -277.7940 kcal/mol        0.1152 kcal/(mol*A)
xmin   240     -277.8005 kcal/mol        0.0367 kcal/(mol*A)
xmin   250     -277.8051 kcal/mol        0.0201 kcal/(mol*A)
xmin   260     -277.8070 kcal/mol        0.0121 kcal/(mol*A)
xmin   270     -277.8075 kcal/mol        0.0034 kcal/(mol*A)
xmin   280     -277.8076 kcal/mol        0.0036 kcal/(mol*A)
xmin   290     -277.8077 kcal/mol        0.0161 kcal/(mol*A)
xmin   300     -277.8079 kcal/mol        0.0022 kcal/(mol*A)
xmin   310     -277.8079 kcal/mol        0.0030 kcal/(mol*A)
xmin   320     -277.8080 kcal/mol        0.0029 kcal/(mol*A)
xmin   330     -277.8081 kcal/mol        0.0059 kcal/(mol*A)
xmin   340     -277.8081 kcal/mol        0.0022 kcal/(mol*A)
xmin   350     -277.8082 kcal/mol        0.0009 kcal/(mol*A)
  ... geometry converged !
 
 Final MO eigenvalues (eV):
 -39.8626  -38.1273  -37.2528  -35.6409  -35.0657  -34.5338  -33.0052  -32.3106
 -31.5307  -30.8093  -28.8903  -28.7390  -27.8330  -26.2726  -24.7703  -23.8801
 -23.2711  -21.7533  -20.5682  -19.7460  -19.4819  -19.2582  -18.3171  -17.1761
 -17.0444  -16.8448  -15.9299  -15.3729  -15.0890  -14.9907  -14.6142  -14.3242
 -14.0872  -13.9937  -13.8222  -13.5433  -13.3944  -13.2410  -13.0384  -12.7027
 -12.5343  -12.3185  -12.1597  -11.9769  -11.8228  -11.6484  -11.3945  -11.3075
 -11.1079  -11.0111  -10.9075  -10.7510  -10.5584  -10.4928  -10.3807  -10.2508
 -10.1239  -10.0466   -9.8995   -9.8658   -9.4985   -9.3076   -9.1054   -8.9740
  -8.5245   -8.1566   -7.5177   -7.4146   -4.8423   -4.5389   -4.2829    1.9446
   2.2613    3.3457    4.3278    4.5045    4.5707    4.6655    4.7853    4.8147
   4.9009    4.9217    5.0696    5.0894    5.1342    5.1807    5.2081    5.3366
   5.3757    5.4853    5.5766    5.5954    5.6641    5.7004    5.7573    5.7950
   5.8364    5.8800    5.9466    5.9891    5.9936    6.0785    6.1429    6.2351
   6.2802    6.2912    6.3276    6.3612    6.4013    6.4221    6.5370    6.6206
   6.8055    6.9084    6.9586    7.2825    7.4401    7.4562    7.7174    7.7930
   7.8539    7.8857    8.1022    8.1717    8.4045    8.7583    9.0491    9.1626
   9.2726   12.7202   13.6403

 Heat of formation   =       -277.80815688 kcal/mol  (      -12.04666566 eV)

 Total SCF energy    =    -105926.28391361 kcal/mol  (    -4593.30835235 eV)
 Electronic energy   =    -766436.61626529 kcal/mol  (   -33235.18564959 eV)
 Core-core repulsion =     660510.33235168 kcal/mol  (    28641.87729724 eV)
 
    Atomic Charges for Step       1 :
  Atom    Element       Mulliken Charge
     1      C                 -0.210
     2      C                 -0.160
     3      C                 -0.158
     4      C                 -0.158
     5      C                 -0.149
     6      C                  0.059
     7      O                 -0.329
     8      C                 -0.210
     9      C                 -0.135
    10      C                 -0.133
    11      C                  0.242
    12      O                 -0.291
    13      C                 -0.253
    14      C                  0.040
    15      O                 -0.316
    16      C                 -0.133
    17      C                 -0.122
    18      C                 -0.246
    19      C                 -0.109
    20      C                 -0.143
    21      C                 -0.145
    22      C                 -0.226
    23      C                  0.328
    24      O                 -0.588
    25      O                 -0.582
    26      H                  0.072
    27      H                  0.072
    28      H                  0.068
    29      H                  0.082
    30      H                  0.077
    31      H                  0.075
    32      H                  0.077
    33      H                  0.080
    34      H                  0.094
    35      H                  0.100
    36      H                  0.089
    37      H                  0.076
    38      H                  0.201
    39      H                  0.131
    40      H                  0.137
    41      H                  0.133
    42      H                  0.120
    43      H                  0.126
    44      H                  0.107
    45      H                  0.218
    46      H                  0.112
    47      H                  0.094
    48      H                  0.080
    49      H                  0.124
    50      H                  0.139
    51      H                  0.067
    52      H                  0.081
    53      H                  0.105
    54      H                  0.072
    55      H                  0.060
    56      H                  0.057
 Total Mulliken Charge =      -1.000
 
                  X        Y        Z     TOTAL  
  QM DIPOLE    37.568   13.905    1.494   40.086
 
 Final Structure

  QMMM: QM Region Cartesian Coordinates (*=link atom) 
  QMMM: QM_NO.   MM_NO.  ATOM         X         Y         Z
  QMMM:     1        1      C        6.2333   -0.7193   -3.2284
  QMMM:     2        2      C        5.7237   -1.1734   -1.8849
  QMMM:     3        3      C        5.9428   -0.1170   -0.8220
  QMMM:     4        4      C        5.4307   -0.5476    0.5367
  QMMM:     5        5      C        3.9292   -0.4217    0.6844
  QMMM:     6        6      C        3.4972    1.0135    0.9907
  QMMM:     7        7      O        3.9010    1.2839    2.3292
  QMMM:     8        8      C        2.0266    1.1784    0.7723
  QMMM:     9        9      C        1.1332    1.3179    1.7537
  QMMM:    10       10      C       -0.3319    1.5013    1.5834
  QMMM:    11       11      C       -0.6826    2.9821    1.6531
  QMMM:    12       12      O       -0.5119    3.6993    2.6375
  QMMM:    13       13      C       -1.2792    3.4241    0.3467
  QMMM:    14       14      C       -1.0697    2.2557   -0.6262
  QMMM:    15       15      O       -2.0655    2.2017   -1.6164
  QMMM:    16       16      C       -0.9122    0.9925    0.2508
  QMMM:    17       17      C       -2.2113    0.2418    0.4982
  QMMM:    18       18      C       -2.6934   -0.5046   -0.6884
  QMMM:    19       19      C       -3.7485   -1.3277   -0.6565
  QMMM:    20       20      C       -4.5571   -1.5965    0.5556
  QMMM:    21       21      C       -5.6843   -2.5810    0.3160
  QMMM:    22       22      C       -6.7846   -2.0178   -0.5491
  QMMM:    23       23      C       -7.9864   -2.9796   -0.6078
  QMMM:    24       24      O       -8.4181   -3.4670    0.4769
  QMMM:    25       25      O       -8.4913   -3.2199   -1.7415
  QMMM:    26       26      H        5.7032    0.2066   -3.5590
  QMMM:    27       27      H        6.0666   -1.5135   -3.9956
  QMMM:    28       28      H        7.3270   -0.4979   -3.1815
  QMMM:    29       29      H        4.6298   -1.4124   -1.9594
  QMMM:    30       30      H        6.2471   -2.1196   -1.5843
  QMMM:    31       31      H        7.0416    0.0998   -0.7454
  QMMM:    32       32      H        5.4402    0.8363   -1.1341
  QMMM:    33       33      H        5.7247   -1.6153    0.7193
  QMMM:    34       34      H        5.9222    0.0747    1.3320
  QMMM:    35       35      H        3.5842   -1.0798    1.5246
  QMMM:    36       36      H        3.4149   -0.7561   -0.2531
  QMMM:    37       37      H        4.0394    1.7299    0.3040
  QMMM:    38       38      H        3.5688    2.1628    2.5480
  QMMM:    39       39      H        1.7343    1.1707   -0.2908
  QMMM:    40       40      H        1.4587    1.3175    2.8107
  QMMM:    41       41      H       -0.8438    0.9812    2.4439
  QMMM:    42       42      H       -0.7901    4.3579   -0.0232
  QMMM:    43       43      H       -2.3708    3.6383    0.4802
  QMMM:    44       44      H       -0.1198    2.4161   -1.2138
  QMMM:    45       45      H       -2.8871    1.8949   -1.2085
  QMMM:    46       46      H       -0.1951    0.2877   -0.2473
  QMMM:    47       47      H       -2.0540   -0.4864    1.3431
  QMMM:    48       48      H       -3.0044    0.9625    0.8418
  QMMM:    49       49      H       -2.1321   -0.3425   -1.6224
  QMMM:    50       50      H       -4.0738   -1.8517   -1.5726
  QMMM:    51       51      H       -3.8804   -1.9921    1.3634
  QMMM:    52       52      H       -4.9820   -0.6268    0.9362
  QMMM:    53       53      H       -6.1309   -2.8809    1.3026
  QMMM:    54       54      H       -5.2753   -3.5111   -0.1584
  QMMM:    55       55      H       -6.4108   -1.8265   -1.5857
  QMMM:    56       56      H       -7.1448   -1.0454   -0.1273

           --------- Calculation Completed ----------

