            --------------------------------------------------------
                             AMBER SQM VERSION 19
 
                                     By
              Ross C. Walker, Michael F. Crowley, Scott Brozell,
                         Tim Giese, Andreas W. Goetz,
                        Tai-Sung Lee and David A. Case
 
            --------------------------------------------------------
 

--------------------------------------------------------------------------------
  QM CALCULATION INFO
--------------------------------------------------------------------------------

| QMMM: Citation for AMBER QMMM Run:
| QMMM: R.C. Walker, M.F. Crowley and D.A. Case, J. COMP. CHEM. 29:1019, 2008

QMMM: SINGLET STATE CALCULATION
QMMM: RHF CALCULATION, NO. OF DOUBLY OCCUPIED LEVELS = 47

| QMMM: *** Selected Hamiltonian *** 
| QMMM: AM1         

| QMMM: *** Parameter sets in use ***
| QMMM: N : M.J.S.DEWAR et al. JACS, 107, 3902, (1985)
| QMMM: C : M.J.S.DEWAR et al. JACS, 107, 3902, (1985)
| QMMM: O : M.J.S.DEWAR et al. JACS, 107, 3902, (1985)
| QMMM: F : M.J.S.DEWAR et al. THEOCHEM, 180, 1, (1988)
| QMMM: H : M.J.S.DEWAR et al. JACS, 107, 3902, (1985)

| QMMM: *** SCF convergence criteria ***
| QMMM: Energy change                :  0.1D-09 kcal/mol
| QMMM: Error matrix |FP-PF|         :  0.1D+00 au
| QMMM: Density matrix change        :  0.5D-06
| QMMM: Maximum number of SCF cycles :     1000

| QMMM: *** Diagonalization Routine Information ***
| QMMM: Pseudo diagonalizations are allowed.
| QMMM: Auto diagonalization routine selection is in use.
| QMMM:
| QMMM: Timing diagonalization routines:
| QMMM:                              norbs =       85
| QMMM:    diag iterations used for timing =       15
| QMMM:
| QMMM:              Internal diag routine = 0.025611 seconds
| QMMM:                 Dspev diag routine = 0.014550 seconds
| QMMM:                Dspevd diag routine = 0.017652 seconds
| QMMM:                Dspevx diag routine = 0.070482 seconds
| QMMM:                 Dsyev diag routine = 0.015873 seconds
| QMMM:                Dsyevd diag routine = 0.012022 seconds
| QMMM:                Dsyevr diag routine = 0.030954 seconds
| QMMM:
| QMMM:                Pseudo diag routine = 0.010486 seconds
| QMMM:
| QMMM: Using dsyevd routine (diag_routine=6).

  QMMM: QM Region Cartesian Coordinates (*=link atom) 
  QMMM: QM_NO.   MM_NO.  ATOM         X         Y         Z
  QMMM:     1        1      N       -2.1940    3.3630    0.8670
  QMMM:     2        2      C       -1.7930    2.1020    0.4680
  QMMM:     3        3      N       -0.4910    1.8470    0.4880
  QMMM:     4        4      C       -0.1000    0.6010    0.1370
  QMMM:     5        5      C        1.3500    0.3780    0.2120
  QMMM:     6        6      C        1.9050   -0.5050    1.1450
  QMMM:     7        7      C        3.2870   -0.7450    1.1720
  QMMM:     8        8      C        4.1920   -0.1250    0.2950
  QMMM:     9        9      O        5.4440   -0.3610    0.3190
  QMMM:    10       10      C        3.6060    0.7780   -0.6090
  QMMM:    11       11      C        2.2260    1.0340   -0.6550
  QMMM:    12       12      C       -1.0090   -0.3920   -0.2570
  QMMM:    13       13      C       -0.6740   -1.7040   -0.6820
  QMMM:    14       14      C       -1.6730   -2.5960   -1.0420
  QMMM:    15       15      F       -1.3540   -3.8330   -1.4400
  QMMM:    16       16      C       -3.0040   -2.2170   -0.9930
  QMMM:    17       17      C       -3.3290   -0.9220   -0.5820
  QMMM:    18       18      C       -2.3540    0.0000   -0.2170
  QMMM:    19       19      N       -2.7450    1.2220    0.1550
  QMMM:    20       20      H       -3.1120    3.3050    1.2810
  QMMM:    21       21      H       -1.4540    3.7630    1.4290
  QMMM:    22       22      H        1.2760   -1.0240    1.8620
  QMMM:    23       23      H        3.6830   -1.4460    1.9070
  QMMM:    24       24      H        4.2570    1.3020   -1.3080
  QMMM:    25       25      H        1.8500    1.7460   -1.3830
  QMMM:    26       26      H        0.3630   -2.0290   -0.7430
  QMMM:    27       27      H       -3.7780   -2.9210   -1.2760
  QMMM:    28       28      H       -4.3740   -0.6210   -0.5510

--------------------------------------------------------------------------------
  RESULTS
--------------------------------------------------------------------------------

      iter         sqm energy              rms gradient
      ----    -------------------    -----------------------
xmin    10      -23.7765 kcal/mol        1.4659 kcal/(mol*A)
xmin    20      -25.0651 kcal/mol        1.0495 kcal/(mol*A)
xmin    30      -25.7427 kcal/mol        0.3816 kcal/(mol*A)
xmin    40      -26.0238 kcal/mol        0.2848 kcal/(mol*A)
xmin    50      -26.4370 kcal/mol        0.5323 kcal/(mol*A)
xmin    60      -26.4733 kcal/mol        0.2701 kcal/(mol*A)
xmin    70      -26.4754 kcal/mol        0.0218 kcal/(mol*A)
xmin    80      -26.4763 kcal/mol        0.0208 kcal/(mol*A)
xmin    90      -26.4767 kcal/mol        0.0099 kcal/(mol*A)
xmin   100      -26.4767 kcal/mol        0.0043 kcal/(mol*A)
xmin   110      -26.4767 kcal/mol        0.0014 kcal/(mol*A)
xmin   120      -26.4767 kcal/mol        0.0011 kcal/(mol*A)
xmin   130      -26.4767 kcal/mol        0.0063 kcal/(mol*A)
  ... geometry converged !
 
 Final MO eigenvalues (eV):
 -46.8159  -37.9376  -35.4183  -34.8991  -33.1192  -31.5202  -30.7878  -29.0252
 -27.5263  -26.7724  -25.4478  -22.1139  -21.1125  -20.2062  -19.0292  -18.1922
 -16.7958  -16.1774  -15.0943  -14.3636  -13.7727  -13.6855  -13.2754  -13.2221
 -12.6280  -12.3129  -12.1717  -11.9519  -11.6834  -11.2597  -10.4608  -10.3902
 -10.3070  -10.1561   -9.7160   -9.3679   -9.1055   -8.9450   -8.3742   -8.2062
  -7.7540   -7.1864   -7.0699   -6.1255   -5.9216   -5.8616   -3.7995    2.2118
   2.6101    3.5914    4.4958    4.7442    4.9702    5.1778    5.8409    5.9127
   6.1531    6.3458    6.4397    6.5444    6.7874    6.9934    7.1333    7.3487
   7.5060    7.5872    7.6682    7.7703    7.8039    7.8513    8.1315    8.2869
   8.3545    8.4321    8.4497    8.6132    8.6268    9.0572    9.2285    9.5037
   9.5674    9.7791    9.8009   10.1942   11.4527

 Heat of formation   =        -26.47673476 kcal/mol  (       -1.14811737 eV)

 Total SCF energy    =     -77091.33216752 kcal/mol  (    -3342.93101633 eV)
 Electronic energy   =    -444313.50950798 kcal/mol  (   -19266.87955891 eV)
 Core-core repulsion =     367222.17734047 kcal/mol  (    15923.94854258 eV)
 
    Atomic Charges for Step       1 :
  Atom    Element       Mulliken Charge
     1      N                 -0.308
     2      C                  0.143
     3      N                 -0.273
     4      C                  0.196
     5      C                 -0.285
     6      C                 -0.027
     7      C                 -0.323
     8      C                  0.290
     9      O                 -0.460
    10      C                 -0.331
    11      C                  0.000
    12      C                 -0.164
    13      C                 -0.085
    14      C                  0.008
    15      F                 -0.126
    16      C                 -0.135
    17      C                 -0.135
    18      C                  0.060
    19      N                 -0.288
    20      H                  0.186
    21      H                  0.193
    22      H                  0.096
    23      H                  0.112
    24      H                  0.112
    25      H                  0.108
    26      H                  0.170
    27      H                  0.128
    28      H                  0.137
 Total Mulliken Charge =      -1.000
 
                  X        Y        Z     TOTAL  
  QM DIPOLE   -10.995    0.890    0.510   11.043
 
 Final Structure

  QMMM: QM Region Cartesian Coordinates (*=link atom) 
  QMMM: QM_NO.   MM_NO.  ATOM         X         Y         Z
  QMMM:     1        1      N       -2.2380    3.5173    0.4444
  QMMM:     2        2      C       -1.8320    2.1630    0.3271
  QMMM:     3        3      N       -0.4586    1.9282    0.2979
  QMMM:     4        4      C       -0.0374    0.6660    0.0744
  QMMM:     5        5      C        1.3691    0.3731    0.1418
  QMMM:     6        6      C        1.8507   -0.8428    0.6950
  QMMM:     7        7      C        3.1836   -1.1185    0.7840
  QMMM:     8        8      C        4.1907   -0.1843    0.3114
  QMMM:     9        9      O        5.4213   -0.4407    0.3627
  QMMM:    10       10      C        3.6765    1.0680   -0.2114
  QMMM:    11       11      C        2.3382    1.3282   -0.2690
  QMMM:    12       12      C       -1.0088   -0.3871   -0.2176
  QMMM:    13       13      C       -0.6440   -1.6601   -0.6924
  QMMM:    14       14      C       -1.6167   -2.6298   -0.9076
  QMMM:    15       15      F       -1.2739   -3.8642   -1.3624
  QMMM:    16       16      C       -2.9868   -2.3435   -0.6630
  QMMM:    17       17      C       -3.3654   -1.0891   -0.2595
  QMMM:    18       18      C       -2.3919   -0.0557   -0.0654
  QMMM:    19       19      N       -2.8153    1.2162    0.2349
  QMMM:    20       20      H       -3.1360    3.6362    0.8590
  QMMM:    21       21      H       -1.5412    4.1143    0.8344
  QMMM:    22       22      H        1.1200   -1.5605    1.1044
  QMMM:    23       23      H        3.5408   -2.0544    1.2316
  QMMM:    24       24      H        4.4128    1.8034   -0.5593
  QMMM:    25       25      H        1.9887    2.2941   -0.6683
  QMMM:    26       26      H        0.4125   -1.8821   -0.9175
  QMMM:    27       27      H       -3.7300   -3.1385   -0.8180
  QMMM:    28       28      H       -4.4279   -0.8567   -0.0930

           --------- Calculation Completed ----------

