            --------------------------------------------------------
                             AMBER SQM VERSION 19
 
                                     By
              Ross C. Walker, Michael F. Crowley, Scott Brozell,
                         Tim Giese, Andreas W. Goetz,
                        Tai-Sung Lee and David A. Case
 
            --------------------------------------------------------
 

--------------------------------------------------------------------------------
  QM CALCULATION INFO
--------------------------------------------------------------------------------

| QMMM: Citation for AMBER QMMM Run:
| QMMM: R.C. Walker, M.F. Crowley and D.A. Case, J. COMP. CHEM. 29:1019, 2008

QMMM: SINGLET STATE CALCULATION
QMMM: RHF CALCULATION, NO. OF DOUBLY OCCUPIED LEVELS = 56

| QMMM: *** Selected Hamiltonian *** 
| QMMM: AM1         

| QMMM: *** Parameter sets in use ***
| QMMM: N : M.J.S.DEWAR et al. JACS, 107, 3902, (1985)
| QMMM: C : M.J.S.DEWAR et al. JACS, 107, 3902, (1985)
| QMMM: O : M.J.S.DEWAR et al. JACS, 107, 3902, (1985)
| QMMM: H : M.J.S.DEWAR et al. JACS, 107, 3902, (1985)

| QMMM: *** SCF convergence criteria ***
| QMMM: Energy change                :  0.1D-09 kcal/mol
| QMMM: Error matrix |FP-PF|         :  0.1D+00 au
| QMMM: Density matrix change        :  0.5D-06
| QMMM: Maximum number of SCF cycles :     1000

| QMMM: *** Diagonalization Routine Information ***
| QMMM: Pseudo diagonalizations are allowed.
| QMMM: Auto diagonalization routine selection is in use.
| QMMM:
| QMMM: Timing diagonalization routines:
| QMMM:                              norbs =      103
| QMMM:    diag iterations used for timing =       10
| QMMM:
| QMMM:              Internal diag routine = 0.041463 seconds
| QMMM:                 Dspev diag routine = 0.019863 seconds
| QMMM:                Dspevd diag routine = 0.069846 seconds
| QMMM:                Dspevx diag routine = 0.066545 seconds
| QMMM:                 Dsyev diag routine = 0.020163 seconds
| QMMM:                Dsyevd diag routine = 0.012136 seconds
| QMMM:                Dsyevr diag routine = 0.020694 seconds
| QMMM:
| QMMM:                Pseudo diag routine = 0.006685 seconds
| QMMM:
| QMMM: Using dsyevd routine (diag_routine=6).

  QMMM: QM Region Cartesian Coordinates (*=link atom) 
  QMMM: QM_NO.   MM_NO.  ATOM         X         Y         Z
  QMMM:     1        1      N        1.7480    0.7230   -3.3970
  QMMM:     2        2      C        1.7380    0.4160   -2.0520
  QMMM:     3        3      N        0.5610    0.2640   -1.4720
  QMMM:     4        4      C        0.5870   -0.0340   -0.1690
  QMMM:     5        5      C       -0.7110   -0.2080    0.5340
  QMMM:     6        6      C       -0.7840   -0.4690    1.9030
  QMMM:     7        7      C       -2.0280   -0.6250    2.5080
  QMMM:     8        8      C       -3.1850   -0.5170    1.7420
  QMMM:     9        9      C       -3.0550   -0.2560    0.3830
  QMMM:    10       10      N       -4.2050   -0.1360   -0.4460
  QMMM:    11       11      C       -4.1940    0.1260   -1.8000
  QMMM:    12       12      C       -5.5100    0.1550   -2.1930
  QMMM:    13       13      N       -6.3370   -0.0810   -1.1290
  QMMM:    14       14      C       -5.5320   -0.2500   -0.1010
  QMMM:    15       15      N       -1.8450   -0.1050   -0.2150
  QMMM:    16       16      N        1.7040   -0.1930    0.5440
  QMMM:    17       17      C        2.8250   -0.0320   -0.1590
  QMMM:    18       18      C        4.0700   -0.2100    0.5750
  QMMM:    19       19      C        4.3680   -0.4980    1.8950
  QMMM:    20       20      C        5.7790   -0.5440    1.9970
  QMMM:    21       21      C        6.2610   -0.2830    0.7370
  QMMM:    22       22      O        5.2370   -0.0810   -0.1310
  QMMM:    23       23      N        2.9020    0.2630   -1.4530
  QMMM:    24       24      H        0.8850    0.4310   -3.8340
  QMMM:    25       25      H        2.6150    0.4270   -3.8240
  QMMM:    26       26      H        0.1190   -0.5520    2.5020
  QMMM:    27       27      H       -2.0940   -0.8280    3.5750
  QMMM:    28       28      H       -4.1440   -0.6400    2.2320
  QMMM:    29       29      H       -3.2700    0.2660   -2.3450
  QMMM:    30       30      H       -5.9030    0.3340   -3.1850
  QMMM:    31       31      H       -5.8710   -0.4560    0.9040
  QMMM:    32       32      H        3.6440   -0.6540    2.6830
  QMMM:    33       33      H        6.3730   -0.7430    2.8790
  QMMM:    34       34      H        7.2530   -0.2090    0.3130

--------------------------------------------------------------------------------
  RESULTS
--------------------------------------------------------------------------------

      iter         sqm energy              rms gradient
      ----    -------------------    -----------------------
xmin    10      187.7796 kcal/mol        1.8576 kcal/(mol*A)
xmin    20      187.6160 kcal/mol        0.0384 kcal/(mol*A)
xmin    30      187.5763 kcal/mol        0.2656 kcal/(mol*A)
xmin    40      187.4524 kcal/mol        1.0877 kcal/(mol*A)
xmin    50      186.6697 kcal/mol        0.8283 kcal/(mol*A)
xmin    60      186.2035 kcal/mol        1.4253 kcal/(mol*A)
xmin    70      185.8819 kcal/mol        0.3309 kcal/(mol*A)
xmin    80      185.6194 kcal/mol        0.2814 kcal/(mol*A)
xmin    90      185.4229 kcal/mol        0.3539 kcal/(mol*A)
xmin   100      185.3215 kcal/mol        0.4441 kcal/(mol*A)
xmin   110      185.2877 kcal/mol        0.0309 kcal/(mol*A)
xmin   120      185.3344 kcal/mol        0.1050 kcal/(mol*A)
xmin   130      185.3236 kcal/mol        0.1153 kcal/(mol*A)
xmin   140      185.3133 kcal/mol        0.0912 kcal/(mol*A)
xmin   150      185.2975 kcal/mol        0.0707 kcal/(mol*A)
xmin   160      185.2830 kcal/mol        0.2039 kcal/(mol*A)
xmin   170      185.2675 kcal/mol        0.1677 kcal/(mol*A)
xmin   180      185.2726 kcal/mol        0.3965 kcal/(mol*A)
xmin   190      185.2527 kcal/mol        0.0305 kcal/(mol*A)
xmin   200      185.2503 kcal/mol        0.0318 kcal/(mol*A)
xmin   210      185.2493 kcal/mol        0.0296 kcal/(mol*A)
xmin   220      185.2481 kcal/mol        0.0389 kcal/(mol*A)
xmin   230      185.2465 kcal/mol        0.0197 kcal/(mol*A)
xmin   240      185.2437 kcal/mol        0.0419 kcal/(mol*A)
xmin   250      185.2424 kcal/mol        0.0365 kcal/(mol*A)
xmin   260      185.2416 kcal/mol        0.0295 kcal/(mol*A)
xmin   270      185.2409 kcal/mol        0.0212 kcal/(mol*A)
xmin   280      185.2399 kcal/mol        0.0336 kcal/(mol*A)
xmin   290      185.4062 kcal/mol        1.7175 kcal/(mol*A)
xmin   300      185.2396 kcal/mol        0.0573 kcal/(mol*A)
xmin   310      185.2393 kcal/mol        0.0094 kcal/(mol*A)
xmin   320      185.2393 kcal/mol        0.0206 kcal/(mol*A)
xmin   330      185.2392 kcal/mol        0.0021 kcal/(mol*A)
xmin   340      185.2392 kcal/mol        0.0039 kcal/(mol*A)
xmin   350      185.2392 kcal/mol        0.0048 kcal/(mol*A)
xmin   360      185.2395 kcal/mol        0.0533 kcal/(mol*A)
xmin   370      185.2392 kcal/mol        0.0058 kcal/(mol*A)
xmin   380      185.2392 kcal/mol        0.0017 kcal/(mol*A)
  ... geometry converged !
 
 Final MO eigenvalues (eV):
 -41.9877  -41.5970  -40.8733  -39.8659  -36.5949  -35.1722  -34.3943  -33.6618
 -33.2297  -32.3150  -30.7720  -30.1080  -29.4519  -26.3779  -25.3484  -24.9119
 -23.5697  -22.3925  -21.9298  -21.7702  -21.2594  -19.7738  -19.6136  -18.6907
 -17.5743  -17.5470  -17.2444  -16.8882  -16.5127  -16.1780  -15.9616  -15.6630
 -15.5914  -15.4484  -14.7844  -14.7414  -14.4836  -14.2742  -14.1017  -14.0187
 -14.0029  -13.7960  -13.3870  -13.0583  -12.0660  -11.5693  -11.3801  -11.3226
 -11.2230  -11.0178  -10.9431  -10.8530  -10.0262   -9.6723   -9.3670   -9.1561
  -0.8701   -0.6245   -0.4056   -0.0663    0.7128    1.0367    1.1792    1.4503
   1.5429    1.8231    1.9461    2.2661    2.3494    2.4715    2.8483    3.1358
   3.2269    3.2515    3.4757    3.5050    3.5843    3.6333    3.7010    3.7433
   3.8952    4.1833    4.2301    4.2959    4.4695    4.5429    4.6094    4.6389
   4.6871    4.7550    4.8512    4.9559    5.0673    5.1030    5.3452    5.5903
   5.6704    5.7660    5.9056    5.9923    6.2859    6.7274    6.9280

 Heat of formation   =        185.23917427 kcal/mol  (        8.03257336 eV)

 Total SCF energy    =     -88448.37600074 kcal/mol  (    -3835.40939251 eV)
 Electronic energy   =    -571045.81018796 kcal/mol  (   -24762.40450058 eV)
 Core-core repulsion =     482597.43418722 kcal/mol  (    20926.99510807 eV)
 
    Atomic Charges for Step       1 :
  Atom    Element       Mulliken Charge
     1      N                 -0.339
     2      C                  0.187
     3      N                 -0.234
     4      C                  0.126
     5      C                  0.069
     6      C                 -0.161
     7      C                 -0.074
     8      C                 -0.190
     9      C                  0.127
    10      N                 -0.129
    11      C                 -0.117
    12      C                 -0.184
    13      N                 -0.128
    14      C                 -0.089
    15      N                 -0.134
    16      N                 -0.231
    17      C                  0.160
    18      C                 -0.034
    19      C                 -0.112
    20      C                 -0.218
    21      C                 -0.067
    22      O                 -0.067
    23      N                 -0.238
    24      H                  0.246
    25      H                  0.246
    26      H                  0.162
    27      H                  0.148
    28      H                  0.152
    29      H                  0.199
    30      H                  0.183
    31      H                  0.200
    32      H                  0.179
    33      H                  0.167
    34      H                  0.195
 Total Mulliken Charge =       0.000
 
                  X        Y        Z     TOTAL  
  QM DIPOLE     3.396    2.133    1.179    4.180
 
 Final Structure

  QMMM: QM Region Cartesian Coordinates (*=link atom) 
  QMMM: QM_NO.   MM_NO.  ATOM         X         Y         Z
  QMMM:     1        1      N        2.1596    2.1575   -3.0400
  QMMM:     2        2      C        1.9651    1.3870   -1.9116
  QMMM:     3        3      N        0.6831    1.3524   -1.3528
  QMMM:     4        4      C        0.5895    0.6188   -0.2120
  QMMM:     5        5      C       -0.7617    0.5514    0.4486
  QMMM:     6        6      C       -0.9022    1.1141    1.7324
  QMMM:     7        7      C       -2.1596    1.0587    2.3318
  QMMM:     8        8      C       -3.2199    0.4556    1.6611
  QMMM:     9        9      C       -2.9849   -0.1020    0.3710
  QMMM:    10       10      N       -4.0367   -0.7291   -0.3280
  QMMM:    11       11      C       -4.0341   -1.1317   -1.6757
  QMMM:    12       12      C       -5.2833   -1.7237   -1.9054
  QMMM:    13       13      N       -6.0516   -1.7043   -0.7345
  QMMM:    14       14      C       -5.2939   -1.1106    0.2001
  QMMM:    15       15      N       -1.7564   -0.0498   -0.2332
  QMMM:    16       16      N        1.6017   -0.0594    0.4089
  QMMM:    17       17      C        2.8227    0.0259   -0.2288
  QMMM:    18       18      C        3.9166   -0.7063    0.4100
  QMMM:    19       19      C        3.9344   -1.5415    1.5179
  QMMM:    20       20      C        5.2978   -1.9815    1.6799
  QMMM:    21       21      C        6.0272   -1.3894    0.6644
  QMMM:    22       22      O        5.2073   -0.6008   -0.1323
  QMMM:    23       23      N        3.0685    0.7168   -1.3793
  QMMM:    24       24      H        1.3715    2.5355   -3.5066
  QMMM:    25       25      H        3.0249    2.1001   -3.5193
  QMMM:    26       26      H       -0.0435    1.5743    2.2389
  QMMM:    27       27      H       -2.3174    1.4908    3.3319
  QMMM:    28       28      H       -4.2155    0.4202    2.1234
  QMMM:    29       29      H       -3.1789   -0.9683   -2.3308
  QMMM:    30       30      H       -5.6701   -2.1560   -2.8272
  QMMM:    31       31      H       -5.5791   -0.9369    1.2419
  QMMM:    32       32      H        3.0878   -1.8155    2.1440
  QMMM:    33       33      H        5.6622   -2.6495    2.4551
  QMMM:    34       34      H        7.0699   -1.4017    0.3574

           --------- Calculation Completed ----------

