log started: Tue Sep 15 09:58:12 2026

Log file: ./leap.log
>> #
>> # ----- leaprc for loading the ff19SB force field
>> # ----- NOTE: this is designed for PDB format 3!
>> #
>> #	load atom type hybridizations
>> #
>> addAtomTypes {
>> 	{ "H"   "H" "sp3" }
>> 	{ "HO"  "H" "sp3" }
>> 	{ "HS"  "H" "sp3" }
>> 	{ "H1"  "H" "sp3" }
>> 	{ "H2"  "H" "sp3" }
>> 	{ "H3"  "H" "sp3" }
>> 	{ "H4"  "H" "sp3" }
>> 	{ "H5"  "H" "sp3" }
>> 	{ "HW"  "H" "sp3" }
>> 	{ "HC"  "H" "sp3" }
>> 	{ "HA"  "H" "sp3" }
>> 	{ "HP"  "H" "sp3" }
>> 	{ "HZ"  "H" "sp3" }
>> 	{ "OH"  "O" "sp3" }
>> 	{ "OS"  "O" "sp3" }
>> 	{ "O"   "O" "sp2" }
>> 	{ "O2"  "O" "sp2" }
>> 	{ "OP"  "O" "sp2" }
>> 	{ "OW"  "O" "sp3" }
>> 	{ "CT"  "C" "sp3" }
>> 	{ "CX"  "C" "sp3" }
>> 	{ "XC"  "C" "sp3" }
>> 	{ "C8"  "C" "sp3" }
>> 	{ "2C"  "C" "sp3" }
>> 	{ "3C"  "C" "sp3" }
>> 	{ "CH"  "C" "sp3" }
>> 	{ "CS"  "C" "sp2" }
>> 	{ "C"   "C" "sp2" }
>> 	{ "CO"   "C" "sp2" }
>> 	{ "C*"  "C" "sp2" }
>> 	{ "CA"  "C" "sp2" }
>> 	{ "CB"  "C" "sp2" }
>> 	{ "CC"  "C" "sp2" }
>> 	{ "CN"  "C" "sp2" }
>> 	{ "CM"  "C" "sp2" }
>> 	{ "CK"  "C" "sp2" }
>> 	{ "CQ"  "C" "sp2" }
>> 	{ "CD"  "C" "sp2" }
>> 	{ "C5"  "C" "sp2" }
>> 	{ "C4"  "C" "sp2" }
>> 	{ "CP"  "C" "sp2" }
>> 	{ "CI"  "C" "sp3" }
>> 	{ "CJ"  "C" "sp2" }
>> 	{ "CW"  "C" "sp2" }
>> 	{ "CV"  "C" "sp2" }
>> 	{ "CR"  "C" "sp2" }
>> 	{ "CA"  "C" "sp2" }
>> 	{ "CY"  "C" "sp2" }
>> 	{ "C0"  "Ca" "sp3" }
>> 	{ "MG"  "Mg" "sp3" }
>> 	{ "N"   "N" "sp2" }
>> 	{ "NA"  "N" "sp2" }
>> 	{ "N2"  "N" "sp2" }
>> 	{ "N*"  "N" "sp2" }
>> 	{ "NP"  "N" "sp2" }
>> 	{ "NQ"  "N" "sp2" }
>> 	{ "NB"  "N" "sp2" }
>> 	{ "NC"  "N" "sp2" }
>> 	{ "NT"  "N" "sp3" }
>> 	{ "NY"  "N" "sp2" }
>> 	{ "N3"  "N" "sp3" }
>> 	{ "S"   "S" "sp3" }
>> 	{ "SH"  "S" "sp3" }
>> 	{ "P"   "P" "sp3" }
>> 	{ "LP"  ""  "sp3" }
>> 	{ "EP"  ""  "sp3" }
>> 	{ "F"   "F" "sp3" }
>> 	{ "Cl"  "Cl" "sp3" }
>> 	{ "Br"  "Br" "sp3" }
>> 	{ "I"   "I"  "sp3" }
>> }
>> #
>> #	Load the main parameter set.
>> #
>> set default cmap on
>> parm19 = loadamberparams parm19.dat
Loading parameters: /opt/conda/dat/leap/parm/parm19.dat
Reading title:
PARM99 + frcmod.ff99SB + frcmod.parmbsc0 + OL3 for RNA + ff19SB
(UNKNOWN ATOM TYPE: Zn)
(UNKNOWN ATOM TYPE: EP)
>> frcmod19SB = loadamberparams frcmod.ff19SB
Loading parameters: /opt/conda/dat/leap/parm/frcmod.ff19SB
Reading force field modification type file (frcmod)
Reading title:
ff19SB AA-specific backbone CMAPs for protein 07/25/2019
>> #
>> #	Load main chain and terminating amino acid libraries
>> #
>> loadOff amino19.lib
Loading library: /opt/conda/dat/leap/lib/amino19.lib
Loading: ALA
Loading: ARG
Loading: ASH
Loading: ASN
Loading: ASP
Loading: CYM
Loading: CYS
Loading: CYX
Loading: GLH
Loading: GLN
Loading: GLU
Loading: GLY
Loading: HID
Loading: HIE
Loading: HIP
Loading: HYP
Loading: ILE
Loading: LEU
Loading: LYN
Loading: LYS
Loading: MET
Loading: PHE
Loading: PRO
Loading: SER
Loading: THR
Loading: TRP
Loading: TYR
Loading: VAL
>> loadOff aminoct12.lib
Loading library: /opt/conda/dat/leap/lib/aminoct12.lib
Loading: CALA
Loading: CARG
Loading: CASN
Loading: CASP
Loading: CCYS
Loading: CCYX
Loading: CGLN
Loading: CGLU
Loading: CGLY
Loading: CHID
Loading: CHIE
Loading: CHIP
Loading: CHYP
Loading: CILE
Loading: CLEU
Loading: CLYS
Loading: CMET
Loading: CPHE
Loading: CPRO
Loading: CSER
Loading: CTHR
Loading: CTRP
Loading: CTYR
Loading: CVAL
Loading: NHE
Loading: NME
>> loadOff aminont12.lib
Loading library: /opt/conda/dat/leap/lib/aminont12.lib
Loading: ACE
Loading: NALA
Loading: NARG
Loading: NASN
Loading: NASP
Loading: NCYS
Loading: NCYX
Loading: NGLN
Loading: NGLU
Loading: NGLY
Loading: NHID
Loading: NHIE
Loading: NHIP
Loading: NILE
Loading: NLEU
Loading: NLYS
Loading: NMET
Loading: NPHE
Loading: NPRO
Loading: NSER
Loading: NTHR
Loading: NTRP
Loading: NTYR
Loading: NVAL
>> 
>> #
>> #	Define the PDB name map for the amino acids
>> #
>> addPdbResMap {
>>   { 0 "HYP" "NHYP" } { 1 "HYP" "CHYP" }
>>   { 0 "ALA" "NALA" } { 1 "ALA" "CALA" }
>>   { 0 "ARG" "NARG" } { 1 "ARG" "CARG" }
>>   { 0 "ASN" "NASN" } { 1 "ASN" "CASN" }
>>   { 0 "ASP" "NASP" } { 1 "ASP" "CASP" }
>>   { 0 "CYS" "NCYS" } { 1 "CYS" "CCYS" }
>>   { 0 "CYX" "NCYX" } { 1 "CYX" "CCYX" }
>>   { 0 "GLN" "NGLN" } { 1 "GLN" "CGLN" }
>>   { 0 "GLU" "NGLU" } { 1 "GLU" "CGLU" }
>>   { 0 "GLY" "NGLY" } { 1 "GLY" "CGLY" }
>>   { 0 "HID" "NHID" } { 1 "HID" "CHID" }
>>   { 0 "HIE" "NHIE" } { 1 "HIE" "CHIE" }
>>   { 0 "HIP" "NHIP" } { 1 "HIP" "CHIP" }
>>   { 0 "ILE" "NILE" } { 1 "ILE" "CILE" }
>>   { 0 "LEU" "NLEU" } { 1 "LEU" "CLEU" }
>>   { 0 "LYS" "NLYS" } { 1 "LYS" "CLYS" }
>>   { 0 "MET" "NMET" } { 1 "MET" "CMET" }
>>   { 0 "PHE" "NPHE" } { 1 "PHE" "CPHE" }
>>   { 0 "PRO" "NPRO" } { 1 "PRO" "CPRO" }
>>   { 0 "SER" "NSER" } { 1 "SER" "CSER" }
>>   { 0 "THR" "NTHR" } { 1 "THR" "CTHR" }
>>   { 0 "TRP" "NTRP" } { 1 "TRP" "CTRP" }
>>   { 0 "TYR" "NTYR" } { 1 "TYR" "CTYR" }
>>   { 0 "VAL" "NVAL" } { 1 "VAL" "CVAL" }
>>   { 0 "HIS" "NHIS" } { 1 "HIS" "CHIS" }
>> }
>> 
>> #
>> # assume that most often proteins use HIE
>> #
>> NHIS = NHIE
>> HIS = HIE
>> CHIS = CHIE
> 
> source leaprc.gaff2
----- Source: /opt/conda/dat/leap/cmd/leaprc.gaff2
----- Source of /opt/conda/dat/leap/cmd/leaprc.gaff2 done
>> logFile leap.log
log started: Tue Sep 15 09:58:12 2026

Log file: ./leap.log
>> #
>> # ----- leaprc for loading the general Amber Force field.
>> #       This file is mostly for use with Antechamber
>> #
>> #	load atom type hybridizations
>> #
>> addAtomTypes {
>> 	{ "h1"  "H" "sp3" }
>> 	{ "h2"  "H" "sp3" }
>> 	{ "h3"  "H" "sp3" }
>> 	{ "h4"  "H" "sp3" }
>> 	{ "h5"  "H" "sp3" }
>> 	{ "ha"  "H" "sp3" }
>> 	{ "hc"  "H" "sp3" }
>> 	{ "hn"  "H" "sp3" }
>> 	{ "ho"  "H" "sp3" }
>> 	{ "hp"  "H" "sp3" }
>> 	{ "hs"  "H" "sp3" }
>> 	{ "hw"  "H" "sp3" }
>> 	{ "hx"  "H" "sp3" }
>> 	{ "o"  "O" "sp2" }
>> 	{ "o2"  "O" "sp2" }
>> 	{ "oh"  "O" "sp3" }
>> 	{ "op"  "O" "sp3" }
>> 	{ "oq"  "O" "sp3" }
>> 	{ "os"  "O" "sp3" }
>> 	{ "ow"  "O" "sp3" }
>> 	{ "c"  "C" "sp2" }
>> 	{ "c1"  "C" "sp2" }
>> 	{ "c2"  "C" "sp2" }
>> 	{ "c3"  "C" "sp3" }
>> 	{ "c5"  "C" "sp3" }
>> 	{ "c6"  "C" "sp3" }
>> 	{ "ca"  "C" "sp2" }
>> 	{ "cc"  "C" "sp2" }
>> 	{ "cd"  "C" "sp2" }
>> 	{ "ce"  "C" "sp2" }
>> 	{ "cf"  "C" "sp2" }
>> 	{ "cg"  "C" "sp2" }
>> 	{ "ch"  "C" "sp2" }
>> 	{ "cp"  "C" "sp2" }
>> 	{ "cs"  "C" "sp2" }
>> 	{ "cq"  "C" "sp2" }
>> 	{ "cu"  "C" "sp2" }
>> 	{ "cv"  "C" "sp2" }
>> 	{ "cx"  "C" "sp2" }
>> 	{ "cy"  "C" "sp2" }
>> 	{ "cz"  "C" "sp2" }
>> 	{ "n"   "N" "sp2" }
>> 	{ "n1"  "N" "sp2" }
>> 	{ "n2"  "N" "sp2" }
>> 	{ "n3"  "N" "sp3" }
>> 	{ "n4"  "N" "sp3" }
>> 	{ "n5"  "N" "sp3" }
>> 	{ "n6"  "N" "sp3" }
>> 	{ "n7"  "N" "sp3" }
>> 	{ "n8"  "N" "sp3" }
>> 	{ "n9"  "N" "sp3" }
>> 	{ "na"  "N" "sp2" }
>> 	{ "nb"  "N" "sp2" }
>> 	{ "nc"  "N" "sp2" }
>> 	{ "nd"  "N" "sp2" }
>> 	{ "ne"  "N" "sp2" }
>> 	{ "nf"  "N" "sp2" }
>> 	{ "nh"  "N" "sp2" }
>> 	{ "ni"  "N" "sp2" }
>> 	{ "nj"  "N" "sp2" }
>> 	{ "nk"  "N" "sp3" }
>> 	{ "nl"  "N" "sp3" }
>> 	{ "nm"  "N" "sp2" }
>> 	{ "nn"  "N" "sp2" }
>> 	{ "no"  "N" "sp2" }
>> 	{ "np"  "N" "sp3" }
>> 	{ "nq"  "N" "sp3" }
>> 	{ "ns"  "N" "sp2" }
>> 	{ "nt"  "N" "sp2" }
>> 	{ "nu"  "N" "sp2" }
>> 	{ "nv"  "N" "sp2" }
>> 	{ "nx"  "N" "sp3" }
>> 	{ "ny"  "N" "sp3" }
>> 	{ "nz"  "N" "sp3" }
>> 	{ "n+"  "N" "sp3" }
>> 	{ "s"   "S" "sp2" }
>> 	{ "s2"   "S" "sp2" }
>> 	{ "s3"   "S" "sp3" }
>> 	{ "s4"   "S" "sp3" }
>> 	{ "s6"   "S" "sp3" }
>> 	{ "sh"   "S" "sp3" }
>> 	{ "sp"   "S" "sp3" }
>> 	{ "sq"   "S" "sp3" }
>> 	{ "ss"   "S" "sp3" }
>> 	{ "sx"   "S" "sp3" }
>> 	{ "sy"   "S" "sp3" }
>> 	{ "p2"   "P" "sp2" }
>> 	{ "p3"   "P" "sp3" }
>> 	{ "p4"   "P" "sp3" }
>> 	{ "p5"   "P" "sp3" }
>> 	{ "pb"   "P" "sp3" }
>> 	{ "pc"   "P" "sp3" }
>> 	{ "pd"   "P" "sp3" }
>> 	{ "pe"   "P" "sp3" }
>> 	{ "pf"   "P" "sp3" }
>> 	{ "px"   "P" "sp3" }
>> 	{ "py"   "P" "sp3" }
>> 	{ "f"   "F" "sp3" }
>> 	{ "cl"  "Cl" "sp3" }
>> 	{ "br"  "Br" "sp3" }
>> 	{ "i"   "I"  "sp3" }
>> }
>> #
>> #	Load the general force field parameter set.
>> #
>> gaff = loadamberparams gaff2.dat
Loading parameters: /opt/conda/dat/leap/parm/gaff2.dat
Reading title:
AMBER General Force Field for organic molecules (Version 2.2.20, March 2021)
> 
> loadAmberParams ligand.frcmod
Loading parameters: ./ligand.frcmod
Reading force field modification type file (frcmod)
Reading title:
Remark line goes here
> LIG = loadMol2 ligand_native_pose.mol2
Loading Mol2 file: ./ligand_native_pose.mol2
Reading MOLECULE named NEC
> REC = loadPdb protein.pdb
Loading PDB file: ./protein.pdb
Matching PDB residue names to LEaP variables.
Mapped residue SER, term: Terminal/beginning, seq. number: 0 to: NSER.
Mapped residue SER, term: Terminal/last, seq. number: 299 to: CSER.
Mapped residue ALA, term: Terminal/beginning, seq. number: 300 to: NALA.
Mapped residue LEU, term: Terminal/last, seq. number: 513 to: CLEU.
Created a new atom named: H within residue: .R<NSER 6>
Created a new atom named: H within residue: .R<NALA 306>
  total atoms in file: 8196
  Leap added 2 missing atoms according to residue templates:
       2 H / lone pairs
  The file contained 2 atoms not in residue templates

/opt/conda/bin/teLeap: Warning!
Since the number of added atoms equals the number of missing atoms, it is likely
that some atoms had incorrect names; you may want to use addPdbAtomMap to map
these names, or change the names in the PDB file.

> COM = combine {REC LIG}
  Sequence: default_name
  Sequence: NEC
> check COM
Checking 'COM'....

/opt/conda/bin/teLeap: Warning!
There is a bond of 3.050 angstroms between C2 and H4 atoms:
-------  .R<NEC 520>.A<C2 5> and .R<NEC 520>.A<H4 27>

/opt/conda/bin/teLeap: Warning!
There is a bond of 3.459 angstroms between C2 and H5 atoms:
-------  .R<NEC 520>.A<C2 5> and .R<NEC 520>.A<H5 28>

/opt/conda/bin/teLeap: Warning!
The unperturbed charge of the unit (10.001000) is not zero.
FATAL:  Atom .R<NALA 306>.A<H 13> does not have a type.
FATAL:  Atom .R<NSER 6>.A<H 14> does not have a type.

/opt/conda/bin/teLeap: Warning!
Close contact of 1.347 angstroms between nonbonded atoms HG2 and HG3
-------  .R<GLN 516>.A<HG2 9> and .R<GLN 516>.A<HG3 10>

/opt/conda/bin/teLeap: Warning!
Close contact of 1.452 angstroms between nonbonded atoms HE21 and HE22
-------  .R<GLN 516>.A<HE21 14> and .R<GLN 516>.A<HE22 15>

/opt/conda/bin/teLeap: Warning!
Close contact of 1.192 angstroms between nonbonded atoms HB2 and HB3
-------  .R<TYR 484>.A<HB2 6> and .R<TYR 484>.A<HB3 7>

/opt/conda/bin/teLeap: Warning!
Close contact of 1.368 angstroms between nonbonded atoms HA2 and HA3
-------  .R<GLY 481>.A<HA2 4> and .R<GLY 481>.A<HA3 5>

/opt/conda/bin/teLeap: Warning!
Close contact of 1.418 angstroms between nonbonded atoms HG22 and HG23
-------  .R<ILE 467>.A<HG22 9> and .R<ILE 467>.A<HG23 10>

/opt/conda/bin/teLeap: Warning!
Close contact of 1.499 angstroms between nonbonded atoms HB2 and HB3
-------  .R<TYR 465>.A<HB2 6> and .R<TYR 465>.A<HB3 7>

/opt/conda/bin/teLeap: Warning!
Close contact of 1.239 angstroms between nonbonded atoms HG2 and HG3
-------  .R<PRO 452>.A<HG2 6> and .R<PRO 452>.A<HG3 7>

/opt/conda/bin/teLeap: Warning!
Close contact of 1.450 angstroms between nonbonded atoms HB2 and HB3
-------  .R<TYR 437>.A<HB2 6> and .R<TYR 437>.A<HB3 7>

/opt/conda/bin/teLeap: Warning!
Close contact of 1.276 angstroms between nonbonded atoms HD2 and HD3
-------  .R<ARG 409>.A<HD2 12> and .R<ARG 409>.A<HD3 13>

/opt/conda/bin/teLeap: Warning!
Close contact of 1.309 angstroms between nonbonded atoms HB2 and HB3
-------  .R<PHE 382>.A<HB2 6> and .R<PHE 382>.A<HB3 7>

/opt/conda/bin/teLeap: Warning!
Close contact of 1.493 angstroms between nonbonded atoms H and O
-------  .R<TRP 370>.A<H 2> and .R<LYS 369>.A<O 22>

/opt/conda/bin/teLeap: Warning!
Close contact of 1.496 angstroms between nonbonded atoms N and O
-------  .R<ARG 368>.A<N 1> and .R<ARG 367>.A<O 24>

/opt/conda/bin/teLeap: Warning!
Close contact of 1.328 angstroms between nonbonded atoms N and O
-------  .R<GLU 366>.A<N 1> and .R<ASP 365>.A<O 12>

/opt/conda/bin/teLeap: Warning!
Close contact of 1.413 angstroms between nonbonded atoms H and O
-------  .R<GLU 366>.A<H 2> and .R<ASP 365>.A<O 12>

/opt/conda/bin/teLeap: Warning!
Close contact of 1.300 angstroms between nonbonded atoms HB2 and HB3
-------  .R<GLU 345>.A<HB2 6> and .R<GLU 345>.A<HB3 7>

/opt/conda/bin/teLeap: Warning!
Close contact of 1.403 angstroms between nonbonded atoms HB2 and HB3
-------  .R<SER 341>.A<HB2 6> and .R<SER 341>.A<HB3 7>

/opt/conda/bin/teLeap: Warning!
Close contact of 1.299 angstroms between nonbonded atoms N and O
-------  .R<GLY 338>.A<N 1> and .R<SER 337>.A<O 11>

/opt/conda/bin/teLeap: Warning!
Close contact of 1.435 angstroms between nonbonded atoms H and O
-------  .R<GLY 338>.A<H 2> and .R<SER 337>.A<O 11>

/opt/conda/bin/teLeap: Warning!
Close contact of 1.426 angstroms between nonbonded atoms N and O
-------  .R<GLY 333>.A<N 1> and .R<GLY 332>.A<O 7>

/opt/conda/bin/teLeap: Warning!
Close contact of 1.498 angstroms between nonbonded atoms N and O
-------  .R<GLY 332>.A<N 1> and .R<HID 331>.A<O 17>

/opt/conda/bin/teLeap: Warning!
Close contact of 1.348 angstroms between nonbonded atoms HB2 and HB3
-------  .R<HID 331>.A<HB2 6> and .R<HID 331>.A<HB3 7>

/opt/conda/bin/teLeap: Warning!
Close contact of 1.320 angstroms between nonbonded atoms N and O
-------  .R<TYR 330>.A<N 1> and .R<ILE 329>.A<O 19>

/opt/conda/bin/teLeap: Warning!
Close contact of 1.380 angstroms between nonbonded atoms H and O
-------  .R<TYR 330>.A<H 2> and .R<ILE 329>.A<O 19>

/opt/conda/bin/teLeap: Warning!
Close contact of 1.010 angstroms between nonbonded atoms H and N
-------  .R<NALA 306>.A<H 13> and .R<NALA 306>.A<N 1>

/opt/conda/bin/teLeap: Warning!
Close contact of 0.225 angstroms between nonbonded atoms H1 and H2
-------  .R<NALA 306>.A<H1 2> and .R<NALA 306>.A<H2 3>

/opt/conda/bin/teLeap: Warning!
Close contact of 1.264 angstroms between nonbonded atoms O and OXT
-------  .R<CSER 305>.A<O 11> and .R<CSER 305>.A<OXT 12>

/opt/conda/bin/teLeap: Warning!
Close contact of 1.388 angstroms between nonbonded atoms HB2 and HB3
-------  .R<LYS 301>.A<HB2 6> and .R<LYS 301>.A<HB3 7>

/opt/conda/bin/teLeap: Warning!
Close contact of 1.402 angstroms between nonbonded atoms HB2 and HB3
-------  .R<ARG 293>.A<HB2 6> and .R<ARG 293>.A<HB3 7>

/opt/conda/bin/teLeap: Warning!
Close contact of 1.488 angstroms between nonbonded atoms HB2 and HB3
-------  .R<PHE 286>.A<HB2 6> and .R<PHE 286>.A<HB3 7>

/opt/conda/bin/teLeap: Warning!
Close contact of 1.328 angstroms between nonbonded atoms HB2 and HB3
-------  .R<MET 270>.A<HB2 6> and .R<MET 270>.A<HB3 7>

/opt/conda/bin/teLeap: Warning!
Close contact of 1.488 angstroms between nonbonded atoms HG2 and HG3
-------  .R<MET 270>.A<HG2 9> and .R<MET 270>.A<HG3 10>

/opt/conda/bin/teLeap: Warning!
Close contact of 1.403 angstroms between nonbonded atoms H and C
-------  .R<ARG 222>.A<H 2> and .R<ALA 221>.A<C 9>

/opt/conda/bin/teLeap: Warning!
Close contact of 1.301 angstroms between nonbonded atoms N and O
-------  .R<GLY 218>.A<N 1> and .R<PRO 217>.A<O 14>

/opt/conda/bin/teLeap: Warning!
Close contact of 1.387 angstroms between nonbonded atoms H and O
-------  .R<GLY 218>.A<H 2> and .R<PRO 217>.A<O 14>

/opt/conda/bin/teLeap: Warning!
Close contact of 1.312 angstroms between nonbonded atoms N and O
-------  .R<GLN 214>.A<N 1> and .R<SER 213>.A<O 11>

/opt/conda/bin/teLeap: Warning!
Close contact of 1.495 angstroms between nonbonded atoms N and CB
-------  .R<GLU 212>.A<N 1> and .R<GLU 212>.A<CB 5>

/opt/conda/bin/teLeap: Warning!
Close contact of 1.123 angstroms between nonbonded atoms HB2 and HB3
-------  .R<GLU 212>.A<HB2 6> and .R<GLU 212>.A<HB3 7>

/opt/conda/bin/teLeap: Warning!
Close contact of 1.445 angstroms between nonbonded atoms N and O
-------  .R<GLN 210>.A<N 1> and .R<LYS 209>.A<O 22>

/opt/conda/bin/teLeap: Warning!
Close contact of 1.271 angstroms between nonbonded atoms HG2 and HG3
-------  .R<GLN 210>.A<HG2 9> and .R<GLN 210>.A<HG3 10>

/opt/conda/bin/teLeap: Warning!
Close contact of 1.383 angstroms between nonbonded atoms HG2 and HG3
-------  .R<LYS 209>.A<HG2 9> and .R<LYS 209>.A<HG3 10>

/opt/conda/bin/teLeap: Warning!
Close contact of 1.417 angstroms between nonbonded atoms N and HA
-------  .R<LEU 208>.A<N 1> and .R<LEU 208>.A<HA 4>

/opt/conda/bin/teLeap: Warning!
Close contact of 1.465 angstroms between nonbonded atoms HB2 and HB3
-------  .R<GLN 207>.A<HB2 6> and .R<GLN 207>.A<HB3 7>

/opt/conda/bin/teLeap: Warning!
Close contact of 1.237 angstroms between nonbonded atoms HA2 and HA3
-------  .R<GLY 195>.A<HA2 4> and .R<GLY 195>.A<HA3 5>

/opt/conda/bin/teLeap: Warning!
Close contact of 1.454 angstroms between nonbonded atoms HB2 and HB3
-------  .R<PRO 189>.A<HB2 9> and .R<PRO 189>.A<HB3 10>

/opt/conda/bin/teLeap: Warning!
Close contact of 1.303 angstroms between nonbonded atoms HD2 and HD3
-------  .R<PRO 139>.A<HD2 3> and .R<PRO 139>.A<HD3 4>

/opt/conda/bin/teLeap: Warning!
Close contact of 1.333 angstroms between nonbonded atoms HG2 and HG3
-------  .R<LYS 122>.A<HG2 9> and .R<LYS 122>.A<HG3 10>

/opt/conda/bin/teLeap: Warning!
Close contact of 1.303 angstroms between nonbonded atoms HG12 and HG13
-------  .R<ILE 108>.A<HG12 12> and .R<ILE 108>.A<HG13 13>

/opt/conda/bin/teLeap: Warning!
Close contact of 1.404 angstroms between nonbonded atoms HB and H4
-------  .R<THR 88>.A<HB 6> and .R<NEC 520>.A<H4 27>

/opt/conda/bin/teLeap: Warning!
Close contact of 1.273 angstroms between nonbonded atoms HB2 and HB3
-------  .R<PHE 70>.A<HB2 6> and .R<PHE 70>.A<HB3 7>

/opt/conda/bin/teLeap: Warning!
Close contact of 1.009 angstroms between nonbonded atoms H and N
-------  .R<NSER 6>.A<H 14> and .R<NSER 6>.A<N 1>

/opt/conda/bin/teLeap: Warning!
Close contact of 0.111 angstroms between nonbonded atoms H and H1
-------  .R<NSER 6>.A<H 14> and .R<NSER 6>.A<H1 2>

/opt/conda/bin/teLeap: Warning!
Close contact of 1.478 angstroms between nonbonded atoms H12 and N2
-------  .R<NEC 520>.A<H12 35> and .R<NEC 520>.A<N2 15>

/opt/conda/bin/teLeap: Warning!
Close contact of 1.443 angstroms between nonbonded atoms H7 and O
-------  .R<NEC 520>.A<H7 30> and .R<NEC 520>.A<O 2>

/opt/conda/bin/teLeap: Warning!
Close contact of 1.311 angstroms between nonbonded atoms H6 and O1
-------  .R<NEC 520>.A<H6 29> and .R<NEC 520>.A<O1 7>

/opt/conda/bin/teLeap: Warning!
Close contact of 0.702 angstroms between nonbonded atoms H1 and C2
-------  .R<NEC 520>.A<H1 24> and .R<NEC 520>.A<C2 5>
Checking parameters for unit 'COM'.
Checking for bond parameters.
Checking for angle parameters.
check:  Errors:  2   Warnings: 58
> saveAmberParm COM complex.prmtop complex.inpcrd
Checking Unit.

/opt/conda/bin/teLeap: Warning!
There is a bond of 3.050 angstroms between C2 and H4 atoms:
-------  .R<NEC 520>.A<C2 5> and .R<NEC 520>.A<H4 27>

/opt/conda/bin/teLeap: Warning!
There is a bond of 3.459 angstroms between C2 and H5 atoms:
-------  .R<NEC 520>.A<C2 5> and .R<NEC 520>.A<H5 28>

/opt/conda/bin/teLeap: Warning!
The unperturbed charge of the unit (10.001000) is not zero.
FATAL:  Atom .R<NALA 306>.A<H 13> does not have a type.
FATAL:  Atom .R<NSER 6>.A<H 14> does not have a type.

/opt/conda/bin/teLeap: Fatal Error!
Failed to generate parameters

Exiting LEaP: Errors = 1; Warnings = 62; Notes = 0.
log started: Tue Sep 15 09:59:26 2026

Log file: ./leap.log
>> #
>> # ----- leaprc for loading the ff19SB force field
>> # ----- NOTE: this is designed for PDB format 3!
>> #
>> #	load atom type hybridizations
>> #
>> addAtomTypes {
>> 	{ "H"   "H" "sp3" }
>> 	{ "HO"  "H" "sp3" }
>> 	{ "HS"  "H" "sp3" }
>> 	{ "H1"  "H" "sp3" }
>> 	{ "H2"  "H" "sp3" }
>> 	{ "H3"  "H" "sp3" }
>> 	{ "H4"  "H" "sp3" }
>> 	{ "H5"  "H" "sp3" }
>> 	{ "HW"  "H" "sp3" }
>> 	{ "HC"  "H" "sp3" }
>> 	{ "HA"  "H" "sp3" }
>> 	{ "HP"  "H" "sp3" }
>> 	{ "HZ"  "H" "sp3" }
>> 	{ "OH"  "O" "sp3" }
>> 	{ "OS"  "O" "sp3" }
>> 	{ "O"   "O" "sp2" }
>> 	{ "O2"  "O" "sp2" }
>> 	{ "OP"  "O" "sp2" }
>> 	{ "OW"  "O" "sp3" }
>> 	{ "CT"  "C" "sp3" }
>> 	{ "CX"  "C" "sp3" }
>> 	{ "XC"  "C" "sp3" }
>> 	{ "C8"  "C" "sp3" }
>> 	{ "2C"  "C" "sp3" }
>> 	{ "3C"  "C" "sp3" }
>> 	{ "CH"  "C" "sp3" }
>> 	{ "CS"  "C" "sp2" }
>> 	{ "C"   "C" "sp2" }
>> 	{ "CO"   "C" "sp2" }
>> 	{ "C*"  "C" "sp2" }
>> 	{ "CA"  "C" "sp2" }
>> 	{ "CB"  "C" "sp2" }
>> 	{ "CC"  "C" "sp2" }
>> 	{ "CN"  "C" "sp2" }
>> 	{ "CM"  "C" "sp2" }
>> 	{ "CK"  "C" "sp2" }
>> 	{ "CQ"  "C" "sp2" }
>> 	{ "CD"  "C" "sp2" }
>> 	{ "C5"  "C" "sp2" }
>> 	{ "C4"  "C" "sp2" }
>> 	{ "CP"  "C" "sp2" }
>> 	{ "CI"  "C" "sp3" }
>> 	{ "CJ"  "C" "sp2" }
>> 	{ "CW"  "C" "sp2" }
>> 	{ "CV"  "C" "sp2" }
>> 	{ "CR"  "C" "sp2" }
>> 	{ "CA"  "C" "sp2" }
>> 	{ "CY"  "C" "sp2" }
>> 	{ "C0"  "Ca" "sp3" }
>> 	{ "MG"  "Mg" "sp3" }
>> 	{ "N"   "N" "sp2" }
>> 	{ "NA"  "N" "sp2" }
>> 	{ "N2"  "N" "sp2" }
>> 	{ "N*"  "N" "sp2" }
>> 	{ "NP"  "N" "sp2" }
>> 	{ "NQ"  "N" "sp2" }
>> 	{ "NB"  "N" "sp2" }
>> 	{ "NC"  "N" "sp2" }
>> 	{ "NT"  "N" "sp3" }
>> 	{ "NY"  "N" "sp2" }
>> 	{ "N3"  "N" "sp3" }
>> 	{ "S"   "S" "sp3" }
>> 	{ "SH"  "S" "sp3" }
>> 	{ "P"   "P" "sp3" }
>> 	{ "LP"  ""  "sp3" }
>> 	{ "EP"  ""  "sp3" }
>> 	{ "F"   "F" "sp3" }
>> 	{ "Cl"  "Cl" "sp3" }
>> 	{ "Br"  "Br" "sp3" }
>> 	{ "I"   "I"  "sp3" }
>> }
>> #
>> #	Load the main parameter set.
>> #
>> set default cmap on
>> parm19 = loadamberparams parm19.dat
Loading parameters: /opt/conda/dat/leap/parm/parm19.dat
Reading title:
PARM99 + frcmod.ff99SB + frcmod.parmbsc0 + OL3 for RNA + ff19SB
(UNKNOWN ATOM TYPE: Zn)
(UNKNOWN ATOM TYPE: EP)
>> frcmod19SB = loadamberparams frcmod.ff19SB
Loading parameters: /opt/conda/dat/leap/parm/frcmod.ff19SB
Reading force field modification type file (frcmod)
Reading title:
ff19SB AA-specific backbone CMAPs for protein 07/25/2019
>> #
>> #	Load main chain and terminating amino acid libraries
>> #
>> loadOff amino19.lib
Loading library: /opt/conda/dat/leap/lib/amino19.lib
Loading: ALA
Loading: ARG
Loading: ASH
Loading: ASN
Loading: ASP
Loading: CYM
Loading: CYS
Loading: CYX
Loading: GLH
Loading: GLN
Loading: GLU
Loading: GLY
Loading: HID
Loading: HIE
Loading: HIP
Loading: HYP
Loading: ILE
Loading: LEU
Loading: LYN
Loading: LYS
Loading: MET
Loading: PHE
Loading: PRO
Loading: SER
Loading: THR
Loading: TRP
Loading: TYR
Loading: VAL
>> loadOff aminoct12.lib
Loading library: /opt/conda/dat/leap/lib/aminoct12.lib
Loading: CALA
Loading: CARG
Loading: CASN
Loading: CASP
Loading: CCYS
Loading: CCYX
Loading: CGLN
Loading: CGLU
Loading: CGLY
Loading: CHID
Loading: CHIE
Loading: CHIP
Loading: CHYP
Loading: CILE
Loading: CLEU
Loading: CLYS
Loading: CMET
Loading: CPHE
Loading: CPRO
Loading: CSER
Loading: CTHR
Loading: CTRP
Loading: CTYR
Loading: CVAL
Loading: NHE
Loading: NME
>> loadOff aminont12.lib
Loading library: /opt/conda/dat/leap/lib/aminont12.lib
Loading: ACE
Loading: NALA
Loading: NARG
Loading: NASN
Loading: NASP
Loading: NCYS
Loading: NCYX
Loading: NGLN
Loading: NGLU
Loading: NGLY
Loading: NHID
Loading: NHIE
Loading: NHIP
Loading: NILE
Loading: NLEU
Loading: NLYS
Loading: NMET
Loading: NPHE
Loading: NPRO
Loading: NSER
Loading: NTHR
Loading: NTRP
Loading: NTYR
Loading: NVAL
>> 
>> #
>> #	Define the PDB name map for the amino acids
>> #
>> addPdbResMap {
>>   { 0 "HYP" "NHYP" } { 1 "HYP" "CHYP" }
>>   { 0 "ALA" "NALA" } { 1 "ALA" "CALA" }
>>   { 0 "ARG" "NARG" } { 1 "ARG" "CARG" }
>>   { 0 "ASN" "NASN" } { 1 "ASN" "CASN" }
>>   { 0 "ASP" "NASP" } { 1 "ASP" "CASP" }
>>   { 0 "CYS" "NCYS" } { 1 "CYS" "CCYS" }
>>   { 0 "CYX" "NCYX" } { 1 "CYX" "CCYX" }
>>   { 0 "GLN" "NGLN" } { 1 "GLN" "CGLN" }
>>   { 0 "GLU" "NGLU" } { 1 "GLU" "CGLU" }
>>   { 0 "GLY" "NGLY" } { 1 "GLY" "CGLY" }
>>   { 0 "HID" "NHID" } { 1 "HID" "CHID" }
>>   { 0 "HIE" "NHIE" } { 1 "HIE" "CHIE" }
>>   { 0 "HIP" "NHIP" } { 1 "HIP" "CHIP" }
>>   { 0 "ILE" "NILE" } { 1 "ILE" "CILE" }
>>   { 0 "LEU" "NLEU" } { 1 "LEU" "CLEU" }
>>   { 0 "LYS" "NLYS" } { 1 "LYS" "CLYS" }
>>   { 0 "MET" "NMET" } { 1 "MET" "CMET" }
>>   { 0 "PHE" "NPHE" } { 1 "PHE" "CPHE" }
>>   { 0 "PRO" "NPRO" } { 1 "PRO" "CPRO" }
>>   { 0 "SER" "NSER" } { 1 "SER" "CSER" }
>>   { 0 "THR" "NTHR" } { 1 "THR" "CTHR" }
>>   { 0 "TRP" "NTRP" } { 1 "TRP" "CTRP" }
>>   { 0 "TYR" "NTYR" } { 1 "TYR" "CTYR" }
>>   { 0 "VAL" "NVAL" } { 1 "VAL" "CVAL" }
>>   { 0 "HIS" "NHIS" } { 1 "HIS" "CHIS" }
>> }
>> 
>> #
>> # assume that most often proteins use HIE
>> #
>> NHIS = NHIE
>> HIS = HIE
>> CHIS = CHIE
> 
> source leaprc.gaff2
----- Source: /opt/conda/dat/leap/cmd/leaprc.gaff2
----- Source of /opt/conda/dat/leap/cmd/leaprc.gaff2 done
>> logFile leap.log
log started: Tue Sep 15 09:59:26 2026

Log file: ./leap.log
>> #
>> # ----- leaprc for loading the general Amber Force field.
>> #       This file is mostly for use with Antechamber
>> #
>> #	load atom type hybridizations
>> #
>> addAtomTypes {
>> 	{ "h1"  "H" "sp3" }
>> 	{ "h2"  "H" "sp3" }
>> 	{ "h3"  "H" "sp3" }
>> 	{ "h4"  "H" "sp3" }
>> 	{ "h5"  "H" "sp3" }
>> 	{ "ha"  "H" "sp3" }
>> 	{ "hc"  "H" "sp3" }
>> 	{ "hn"  "H" "sp3" }
>> 	{ "ho"  "H" "sp3" }
>> 	{ "hp"  "H" "sp3" }
>> 	{ "hs"  "H" "sp3" }
>> 	{ "hw"  "H" "sp3" }
>> 	{ "hx"  "H" "sp3" }
>> 	{ "o"  "O" "sp2" }
>> 	{ "o2"  "O" "sp2" }
>> 	{ "oh"  "O" "sp3" }
>> 	{ "op"  "O" "sp3" }
>> 	{ "oq"  "O" "sp3" }
>> 	{ "os"  "O" "sp3" }
>> 	{ "ow"  "O" "sp3" }
>> 	{ "c"  "C" "sp2" }
>> 	{ "c1"  "C" "sp2" }
>> 	{ "c2"  "C" "sp2" }
>> 	{ "c3"  "C" "sp3" }
>> 	{ "c5"  "C" "sp3" }
>> 	{ "c6"  "C" "sp3" }
>> 	{ "ca"  "C" "sp2" }
>> 	{ "cc"  "C" "sp2" }
>> 	{ "cd"  "C" "sp2" }
>> 	{ "ce"  "C" "sp2" }
>> 	{ "cf"  "C" "sp2" }
>> 	{ "cg"  "C" "sp2" }
>> 	{ "ch"  "C" "sp2" }
>> 	{ "cp"  "C" "sp2" }
>> 	{ "cs"  "C" "sp2" }
>> 	{ "cq"  "C" "sp2" }
>> 	{ "cu"  "C" "sp2" }
>> 	{ "cv"  "C" "sp2" }
>> 	{ "cx"  "C" "sp2" }
>> 	{ "cy"  "C" "sp2" }
>> 	{ "cz"  "C" "sp2" }
>> 	{ "n"   "N" "sp2" }
>> 	{ "n1"  "N" "sp2" }
>> 	{ "n2"  "N" "sp2" }
>> 	{ "n3"  "N" "sp3" }
>> 	{ "n4"  "N" "sp3" }
>> 	{ "n5"  "N" "sp3" }
>> 	{ "n6"  "N" "sp3" }
>> 	{ "n7"  "N" "sp3" }
>> 	{ "n8"  "N" "sp3" }
>> 	{ "n9"  "N" "sp3" }
>> 	{ "na"  "N" "sp2" }
>> 	{ "nb"  "N" "sp2" }
>> 	{ "nc"  "N" "sp2" }
>> 	{ "nd"  "N" "sp2" }
>> 	{ "ne"  "N" "sp2" }
>> 	{ "nf"  "N" "sp2" }
>> 	{ "nh"  "N" "sp2" }
>> 	{ "ni"  "N" "sp2" }
>> 	{ "nj"  "N" "sp2" }
>> 	{ "nk"  "N" "sp3" }
>> 	{ "nl"  "N" "sp3" }
>> 	{ "nm"  "N" "sp2" }
>> 	{ "nn"  "N" "sp2" }
>> 	{ "no"  "N" "sp2" }
>> 	{ "np"  "N" "sp3" }
>> 	{ "nq"  "N" "sp3" }
>> 	{ "ns"  "N" "sp2" }
>> 	{ "nt"  "N" "sp2" }
>> 	{ "nu"  "N" "sp2" }
>> 	{ "nv"  "N" "sp2" }
>> 	{ "nx"  "N" "sp3" }
>> 	{ "ny"  "N" "sp3" }
>> 	{ "nz"  "N" "sp3" }
>> 	{ "n+"  "N" "sp3" }
>> 	{ "s"   "S" "sp2" }
>> 	{ "s2"   "S" "sp2" }
>> 	{ "s3"   "S" "sp3" }
>> 	{ "s4"   "S" "sp3" }
>> 	{ "s6"   "S" "sp3" }
>> 	{ "sh"   "S" "sp3" }
>> 	{ "sp"   "S" "sp3" }
>> 	{ "sq"   "S" "sp3" }
>> 	{ "ss"   "S" "sp3" }
>> 	{ "sx"   "S" "sp3" }
>> 	{ "sy"   "S" "sp3" }
>> 	{ "p2"   "P" "sp2" }
>> 	{ "p3"   "P" "sp3" }
>> 	{ "p4"   "P" "sp3" }
>> 	{ "p5"   "P" "sp3" }
>> 	{ "pb"   "P" "sp3" }
>> 	{ "pc"   "P" "sp3" }
>> 	{ "pd"   "P" "sp3" }
>> 	{ "pe"   "P" "sp3" }
>> 	{ "pf"   "P" "sp3" }
>> 	{ "px"   "P" "sp3" }
>> 	{ "py"   "P" "sp3" }
>> 	{ "f"   "F" "sp3" }
>> 	{ "cl"  "Cl" "sp3" }
>> 	{ "br"  "Br" "sp3" }
>> 	{ "i"   "I"  "sp3" }
>> }
>> #
>> #	Load the general force field parameter set.
>> #
>> gaff = loadamberparams gaff2.dat
Loading parameters: /opt/conda/dat/leap/parm/gaff2.dat
Reading title:
AMBER General Force Field for organic molecules (Version 2.2.20, March 2021)
> 
> loadAmberParams ligand.frcmod
Loading parameters: ./ligand.frcmod
Reading force field modification type file (frcmod)
Reading title:
Remark line goes here
> LIG = loadMol2 ligand_native_pose.mol2
Loading Mol2 file: ./ligand_native_pose.mol2
Reading MOLECULE named NEC
> REC = loadPdb protein.pdb
Loading PDB file: ./protein.pdb
Matching PDB residue names to LEaP variables.
Mapped residue SER, term: Terminal/beginning, seq. number: 0 to: NSER.
Mapped residue SER, term: Terminal/last, seq. number: 299 to: CSER.
Mapped residue ALA, term: Terminal/beginning, seq. number: 300 to: NALA.
Mapped residue LEU, term: Terminal/last, seq. number: 513 to: CLEU.
  total atoms in file: 8194
  Leap added 2 missing atoms according to residue templates:
       2 H / lone pairs
> COM = combine {REC LIG}
  Sequence: default_name
  Sequence: NEC
> check COM
Checking 'COM'....

/opt/conda/bin/teLeap: Warning!
The unperturbed charge of the unit (10.001000) is not zero.

/opt/conda/bin/teLeap: Warning!
Close contact of 1.347 angstroms between nonbonded atoms HG2 and HG3
-------  .R<GLN 516>.A<HG2 9> and .R<GLN 516>.A<HG3 10>

/opt/conda/bin/teLeap: Warning!
Close contact of 1.452 angstroms between nonbonded atoms HE21 and HE22
-------  .R<GLN 516>.A<HE21 14> and .R<GLN 516>.A<HE22 15>

/opt/conda/bin/teLeap: Warning!
Close contact of 1.192 angstroms between nonbonded atoms HB2 and HB3
-------  .R<TYR 484>.A<HB2 6> and .R<TYR 484>.A<HB3 7>

/opt/conda/bin/teLeap: Warning!
Close contact of 1.368 angstroms between nonbonded atoms HA2 and HA3
-------  .R<GLY 481>.A<HA2 4> and .R<GLY 481>.A<HA3 5>

/opt/conda/bin/teLeap: Warning!
Close contact of 1.418 angstroms between nonbonded atoms HG22 and HG23
-------  .R<ILE 467>.A<HG22 9> and .R<ILE 467>.A<HG23 10>

/opt/conda/bin/teLeap: Warning!
Close contact of 1.499 angstroms between nonbonded atoms HB2 and HB3
-------  .R<TYR 465>.A<HB2 6> and .R<TYR 465>.A<HB3 7>

/opt/conda/bin/teLeap: Warning!
Close contact of 1.239 angstroms between nonbonded atoms HG2 and HG3
-------  .R<PRO 452>.A<HG2 6> and .R<PRO 452>.A<HG3 7>

/opt/conda/bin/teLeap: Warning!
Close contact of 1.450 angstroms between nonbonded atoms HB2 and HB3
-------  .R<TYR 437>.A<HB2 6> and .R<TYR 437>.A<HB3 7>

/opt/conda/bin/teLeap: Warning!
Close contact of 1.276 angstroms between nonbonded atoms HD2 and HD3
-------  .R<ARG 409>.A<HD2 12> and .R<ARG 409>.A<HD3 13>

/opt/conda/bin/teLeap: Warning!
Close contact of 1.309 angstroms between nonbonded atoms HB2 and HB3
-------  .R<PHE 382>.A<HB2 6> and .R<PHE 382>.A<HB3 7>

/opt/conda/bin/teLeap: Warning!
Close contact of 1.493 angstroms between nonbonded atoms H and O
-------  .R<TRP 370>.A<H 2> and .R<LYS 369>.A<O 22>

/opt/conda/bin/teLeap: Warning!
Close contact of 1.496 angstroms between nonbonded atoms N and O
-------  .R<ARG 368>.A<N 1> and .R<ARG 367>.A<O 24>

/opt/conda/bin/teLeap: Warning!
Close contact of 1.328 angstroms between nonbonded atoms N and O
-------  .R<GLU 366>.A<N 1> and .R<ASP 365>.A<O 12>

/opt/conda/bin/teLeap: Warning!
Close contact of 1.413 angstroms between nonbonded atoms H and O
-------  .R<GLU 366>.A<H 2> and .R<ASP 365>.A<O 12>

/opt/conda/bin/teLeap: Warning!
Close contact of 1.300 angstroms between nonbonded atoms HB2 and HB3
-------  .R<GLU 345>.A<HB2 6> and .R<GLU 345>.A<HB3 7>

/opt/conda/bin/teLeap: Warning!
Close contact of 1.403 angstroms between nonbonded atoms HB2 and HB3
-------  .R<SER 341>.A<HB2 6> and .R<SER 341>.A<HB3 7>

/opt/conda/bin/teLeap: Warning!
Close contact of 1.299 angstroms between nonbonded atoms N and O
-------  .R<GLY 338>.A<N 1> and .R<SER 337>.A<O 11>

/opt/conda/bin/teLeap: Warning!
Close contact of 1.435 angstroms between nonbonded atoms H and O
-------  .R<GLY 338>.A<H 2> and .R<SER 337>.A<O 11>

/opt/conda/bin/teLeap: Warning!
Close contact of 1.426 angstroms between nonbonded atoms N and O
-------  .R<GLY 333>.A<N 1> and .R<GLY 332>.A<O 7>

/opt/conda/bin/teLeap: Warning!
Close contact of 1.498 angstroms between nonbonded atoms N and O
-------  .R<GLY 332>.A<N 1> and .R<HID 331>.A<O 17>

/opt/conda/bin/teLeap: Warning!
Close contact of 1.348 angstroms between nonbonded atoms HB2 and HB3
-------  .R<HID 331>.A<HB2 6> and .R<HID 331>.A<HB3 7>

/opt/conda/bin/teLeap: Warning!
Close contact of 1.320 angstroms between nonbonded atoms N and O
-------  .R<TYR 330>.A<N 1> and .R<ILE 329>.A<O 19>

/opt/conda/bin/teLeap: Warning!
Close contact of 1.380 angstroms between nonbonded atoms H and O
-------  .R<TYR 330>.A<H 2> and .R<ILE 329>.A<O 19>

/opt/conda/bin/teLeap: Warning!
Close contact of 0.225 angstroms between nonbonded atoms H1 and H2
-------  .R<NALA 306>.A<H1 2> and .R<NALA 306>.A<H2 3>

/opt/conda/bin/teLeap: Warning!
Close contact of 1.264 angstroms between nonbonded atoms O and OXT
-------  .R<CSER 305>.A<O 11> and .R<CSER 305>.A<OXT 12>

/opt/conda/bin/teLeap: Warning!
Close contact of 1.388 angstroms between nonbonded atoms HB2 and HB3
-------  .R<LYS 301>.A<HB2 6> and .R<LYS 301>.A<HB3 7>

/opt/conda/bin/teLeap: Warning!
Close contact of 1.402 angstroms between nonbonded atoms HB2 and HB3
-------  .R<ARG 293>.A<HB2 6> and .R<ARG 293>.A<HB3 7>

/opt/conda/bin/teLeap: Warning!
Close contact of 1.488 angstroms between nonbonded atoms HB2 and HB3
-------  .R<PHE 286>.A<HB2 6> and .R<PHE 286>.A<HB3 7>

/opt/conda/bin/teLeap: Warning!
Close contact of 1.328 angstroms between nonbonded atoms HB2 and HB3
-------  .R<MET 270>.A<HB2 6> and .R<MET 270>.A<HB3 7>

/opt/conda/bin/teLeap: Warning!
Close contact of 1.488 angstroms between nonbonded atoms HG2 and HG3
-------  .R<MET 270>.A<HG2 9> and .R<MET 270>.A<HG3 10>

/opt/conda/bin/teLeap: Warning!
Close contact of 1.403 angstroms between nonbonded atoms H and C
-------  .R<ARG 222>.A<H 2> and .R<ALA 221>.A<C 9>

/opt/conda/bin/teLeap: Warning!
Close contact of 1.301 angstroms between nonbonded atoms N and O
-------  .R<GLY 218>.A<N 1> and .R<PRO 217>.A<O 14>

/opt/conda/bin/teLeap: Warning!
Close contact of 1.387 angstroms between nonbonded atoms H and O
-------  .R<GLY 218>.A<H 2> and .R<PRO 217>.A<O 14>

/opt/conda/bin/teLeap: Warning!
Close contact of 1.312 angstroms between nonbonded atoms N and O
-------  .R<GLN 214>.A<N 1> and .R<SER 213>.A<O 11>

/opt/conda/bin/teLeap: Warning!
Close contact of 1.495 angstroms between nonbonded atoms N and CB
-------  .R<GLU 212>.A<N 1> and .R<GLU 212>.A<CB 5>

/opt/conda/bin/teLeap: Warning!
Close contact of 1.123 angstroms between nonbonded atoms HB2 and HB3
-------  .R<GLU 212>.A<HB2 6> and .R<GLU 212>.A<HB3 7>

/opt/conda/bin/teLeap: Warning!
Close contact of 1.445 angstroms between nonbonded atoms N and O
-------  .R<GLN 210>.A<N 1> and .R<LYS 209>.A<O 22>

/opt/conda/bin/teLeap: Warning!
Close contact of 1.271 angstroms between nonbonded atoms HG2 and HG3
-------  .R<GLN 210>.A<HG2 9> and .R<GLN 210>.A<HG3 10>

/opt/conda/bin/teLeap: Warning!
Close contact of 1.383 angstroms between nonbonded atoms HG2 and HG3
-------  .R<LYS 209>.A<HG2 9> and .R<LYS 209>.A<HG3 10>

/opt/conda/bin/teLeap: Warning!
Close contact of 1.417 angstroms between nonbonded atoms N and HA
-------  .R<LEU 208>.A<N 1> and .R<LEU 208>.A<HA 4>

/opt/conda/bin/teLeap: Warning!
Close contact of 1.465 angstroms between nonbonded atoms HB2 and HB3
-------  .R<GLN 207>.A<HB2 6> and .R<GLN 207>.A<HB3 7>

/opt/conda/bin/teLeap: Warning!
Close contact of 1.237 angstroms between nonbonded atoms HA2 and HA3
-------  .R<GLY 195>.A<HA2 4> and .R<GLY 195>.A<HA3 5>

/opt/conda/bin/teLeap: Warning!
Close contact of 1.454 angstroms between nonbonded atoms HB2 and HB3
-------  .R<PRO 189>.A<HB2 9> and .R<PRO 189>.A<HB3 10>

/opt/conda/bin/teLeap: Warning!
Close contact of 1.303 angstroms between nonbonded atoms HD2 and HD3
-------  .R<PRO 139>.A<HD2 3> and .R<PRO 139>.A<HD3 4>

/opt/conda/bin/teLeap: Warning!
Close contact of 1.333 angstroms between nonbonded atoms HG2 and HG3
-------  .R<LYS 122>.A<HG2 9> and .R<LYS 122>.A<HG3 10>

/opt/conda/bin/teLeap: Warning!
Close contact of 1.303 angstroms between nonbonded atoms HG12 and HG13
-------  .R<ILE 108>.A<HG12 12> and .R<ILE 108>.A<HG13 13>

/opt/conda/bin/teLeap: Warning!
Close contact of 1.273 angstroms between nonbonded atoms HB2 and HB3
-------  .R<PHE 70>.A<HB2 6> and .R<PHE 70>.A<HB3 7>

/opt/conda/bin/teLeap: Warning!
Close contact of 1.396 angstroms between nonbonded atoms H5 and H1
-------  .R<NEC 520>.A<H5 28> and .R<NEC 520>.A<H1 24>

/opt/conda/bin/teLeap: Warning!
Close contact of 0.963 angstroms between nonbonded atoms H5 and C1
-------  .R<NEC 520>.A<H5 28> and .R<NEC 520>.A<C1 4>

/opt/conda/bin/teLeap: Warning!
Close contact of 0.962 angstroms between nonbonded atoms H1 and C2
-------  .R<NEC 520>.A<H1 24> and .R<NEC 520>.A<C2 5>

/opt/conda/bin/teLeap: Warning!
Close contact of 1.446 angstroms between nonbonded atoms H and C
-------  .R<NEC 520>.A<H 23> and .R<NEC 520>.A<C 1>
Checking parameters for unit 'COM'.
Checking for bond parameters.
Checking for angle parameters.
check:  Warnings: 52
Unit is OK.
> saveAmberParm COM complex.prmtop complex.inpcrd
Checking Unit.

/opt/conda/bin/teLeap: Warning!
The unperturbed charge of the unit (10.001000) is not zero.

/opt/conda/bin/teLeap: Note.
Ignoring the warning from Unit Checking.

Building topology.
Building atom parameters.
Building bond parameters.
Building angle parameters.
Building proper torsion parameters.
Building improper torsion parameters.
 total 1727 improper torsions applied
Building H-Bond parameters.
Incorporating Non-Bonded adjustments.
Not Marking per-residue atom chain types.
Marking per-residue atom chain types.
  (Residues lacking connect0/connect1 - 
   these don't have chain types marked:

	res	total affected

	CLEU	1
	CSER	1
	NALA	1
	NEC	1
	NSER	1
  )
 (no restraints)
> savePdb COM complex.pdb
Writing pdb file: complex.pdb

/opt/conda/bin/teLeap: Warning!
 Converting N-terminal residue name to PDB format: NSER -> SER

/opt/conda/bin/teLeap: Warning!
 Converting C-terminal residue name to PDB format: CSER -> SER

/opt/conda/bin/teLeap: Warning!
 Converting N-terminal residue name to PDB format: NALA -> ALA

/opt/conda/bin/teLeap: Warning!
 Converting C-terminal residue name to PDB format: CLEU -> LEU
> quit
	Quit

Exiting LEaP: Errors = 0; Warnings = 57; Notes = 1.
log started: Tue Sep 15 10:02:05 2026

Log file: ./leap.log
>> #
>> # ----- leaprc for loading the ff19SB force field
>> # ----- NOTE: this is designed for PDB format 3!
>> #
>> #	load atom type hybridizations
>> #
>> addAtomTypes {
>> 	{ "H"   "H" "sp3" }
>> 	{ "HO"  "H" "sp3" }
>> 	{ "HS"  "H" "sp3" }
>> 	{ "H1"  "H" "sp3" }
>> 	{ "H2"  "H" "sp3" }
>> 	{ "H3"  "H" "sp3" }
>> 	{ "H4"  "H" "sp3" }
>> 	{ "H5"  "H" "sp3" }
>> 	{ "HW"  "H" "sp3" }
>> 	{ "HC"  "H" "sp3" }
>> 	{ "HA"  "H" "sp3" }
>> 	{ "HP"  "H" "sp3" }
>> 	{ "HZ"  "H" "sp3" }
>> 	{ "OH"  "O" "sp3" }
>> 	{ "OS"  "O" "sp3" }
>> 	{ "O"   "O" "sp2" }
>> 	{ "O2"  "O" "sp2" }
>> 	{ "OP"  "O" "sp2" }
>> 	{ "OW"  "O" "sp3" }
>> 	{ "CT"  "C" "sp3" }
>> 	{ "CX"  "C" "sp3" }
>> 	{ "XC"  "C" "sp3" }
>> 	{ "C8"  "C" "sp3" }
>> 	{ "2C"  "C" "sp3" }
>> 	{ "3C"  "C" "sp3" }
>> 	{ "CH"  "C" "sp3" }
>> 	{ "CS"  "C" "sp2" }
>> 	{ "C"   "C" "sp2" }
>> 	{ "CO"   "C" "sp2" }
>> 	{ "C*"  "C" "sp2" }
>> 	{ "CA"  "C" "sp2" }
>> 	{ "CB"  "C" "sp2" }
>> 	{ "CC"  "C" "sp2" }
>> 	{ "CN"  "C" "sp2" }
>> 	{ "CM"  "C" "sp2" }
>> 	{ "CK"  "C" "sp2" }
>> 	{ "CQ"  "C" "sp2" }
>> 	{ "CD"  "C" "sp2" }
>> 	{ "C5"  "C" "sp2" }
>> 	{ "C4"  "C" "sp2" }
>> 	{ "CP"  "C" "sp2" }
>> 	{ "CI"  "C" "sp3" }
>> 	{ "CJ"  "C" "sp2" }
>> 	{ "CW"  "C" "sp2" }
>> 	{ "CV"  "C" "sp2" }
>> 	{ "CR"  "C" "sp2" }
>> 	{ "CA"  "C" "sp2" }
>> 	{ "CY"  "C" "sp2" }
>> 	{ "C0"  "Ca" "sp3" }
>> 	{ "MG"  "Mg" "sp3" }
>> 	{ "N"   "N" "sp2" }
>> 	{ "NA"  "N" "sp2" }
>> 	{ "N2"  "N" "sp2" }
>> 	{ "N*"  "N" "sp2" }
>> 	{ "NP"  "N" "sp2" }
>> 	{ "NQ"  "N" "sp2" }
>> 	{ "NB"  "N" "sp2" }
>> 	{ "NC"  "N" "sp2" }
>> 	{ "NT"  "N" "sp3" }
>> 	{ "NY"  "N" "sp2" }
>> 	{ "N3"  "N" "sp3" }
>> 	{ "S"   "S" "sp3" }
>> 	{ "SH"  "S" "sp3" }
>> 	{ "P"   "P" "sp3" }
>> 	{ "LP"  ""  "sp3" }
>> 	{ "EP"  ""  "sp3" }
>> 	{ "F"   "F" "sp3" }
>> 	{ "Cl"  "Cl" "sp3" }
>> 	{ "Br"  "Br" "sp3" }
>> 	{ "I"   "I"  "sp3" }
>> }
>> #
>> #	Load the main parameter set.
>> #
>> set default cmap on
>> parm19 = loadamberparams parm19.dat
Loading parameters: /opt/conda/dat/leap/parm/parm19.dat
Reading title:
PARM99 + frcmod.ff99SB + frcmod.parmbsc0 + OL3 for RNA + ff19SB
(UNKNOWN ATOM TYPE: Zn)
(UNKNOWN ATOM TYPE: EP)
>> frcmod19SB = loadamberparams frcmod.ff19SB
Loading parameters: /opt/conda/dat/leap/parm/frcmod.ff19SB
Reading force field modification type file (frcmod)
Reading title:
ff19SB AA-specific backbone CMAPs for protein 07/25/2019
>> #
>> #	Load main chain and terminating amino acid libraries
>> #
>> loadOff amino19.lib
Loading library: /opt/conda/dat/leap/lib/amino19.lib
Loading: ALA
Loading: ARG
Loading: ASH
Loading: ASN
Loading: ASP
Loading: CYM
Loading: CYS
Loading: CYX
Loading: GLH
Loading: GLN
Loading: GLU
Loading: GLY
Loading: HID
Loading: HIE
Loading: HIP
Loading: HYP
Loading: ILE
Loading: LEU
Loading: LYN
Loading: LYS
Loading: MET
Loading: PHE
Loading: PRO
Loading: SER
Loading: THR
Loading: TRP
Loading: TYR
Loading: VAL
>> loadOff aminoct12.lib
Loading library: /opt/conda/dat/leap/lib/aminoct12.lib
Loading: CALA
Loading: CARG
Loading: CASN
Loading: CASP
Loading: CCYS
Loading: CCYX
Loading: CGLN
Loading: CGLU
Loading: CGLY
Loading: CHID
Loading: CHIE
Loading: CHIP
Loading: CHYP
Loading: CILE
Loading: CLEU
Loading: CLYS
Loading: CMET
Loading: CPHE
Loading: CPRO
Loading: CSER
Loading: CTHR
Loading: CTRP
Loading: CTYR
Loading: CVAL
Loading: NHE
Loading: NME
>> loadOff aminont12.lib
Loading library: /opt/conda/dat/leap/lib/aminont12.lib
Loading: ACE
Loading: NALA
Loading: NARG
Loading: NASN
Loading: NASP
Loading: NCYS
Loading: NCYX
Loading: NGLN
Loading: NGLU
Loading: NGLY
Loading: NHID
Loading: NHIE
Loading: NHIP
Loading: NILE
Loading: NLEU
Loading: NLYS
Loading: NMET
Loading: NPHE
Loading: NPRO
Loading: NSER
Loading: NTHR
Loading: NTRP
Loading: NTYR
Loading: NVAL
>> 
>> #
>> #	Define the PDB name map for the amino acids
>> #
>> addPdbResMap {
>>   { 0 "HYP" "NHYP" } { 1 "HYP" "CHYP" }
>>   { 0 "ALA" "NALA" } { 1 "ALA" "CALA" }
>>   { 0 "ARG" "NARG" } { 1 "ARG" "CARG" }
>>   { 0 "ASN" "NASN" } { 1 "ASN" "CASN" }
>>   { 0 "ASP" "NASP" } { 1 "ASP" "CASP" }
>>   { 0 "CYS" "NCYS" } { 1 "CYS" "CCYS" }
>>   { 0 "CYX" "NCYX" } { 1 "CYX" "CCYX" }
>>   { 0 "GLN" "NGLN" } { 1 "GLN" "CGLN" }
>>   { 0 "GLU" "NGLU" } { 1 "GLU" "CGLU" }
>>   { 0 "GLY" "NGLY" } { 1 "GLY" "CGLY" }
>>   { 0 "HID" "NHID" } { 1 "HID" "CHID" }
>>   { 0 "HIE" "NHIE" } { 1 "HIE" "CHIE" }
>>   { 0 "HIP" "NHIP" } { 1 "HIP" "CHIP" }
>>   { 0 "ILE" "NILE" } { 1 "ILE" "CILE" }
>>   { 0 "LEU" "NLEU" } { 1 "LEU" "CLEU" }
>>   { 0 "LYS" "NLYS" } { 1 "LYS" "CLYS" }
>>   { 0 "MET" "NMET" } { 1 "MET" "CMET" }
>>   { 0 "PHE" "NPHE" } { 1 "PHE" "CPHE" }
>>   { 0 "PRO" "NPRO" } { 1 "PRO" "CPRO" }
>>   { 0 "SER" "NSER" } { 1 "SER" "CSER" }
>>   { 0 "THR" "NTHR" } { 1 "THR" "CTHR" }
>>   { 0 "TRP" "NTRP" } { 1 "TRP" "CTRP" }
>>   { 0 "TYR" "NTYR" } { 1 "TYR" "CTYR" }
>>   { 0 "VAL" "NVAL" } { 1 "VAL" "CVAL" }
>>   { 0 "HIS" "NHIS" } { 1 "HIS" "CHIS" }
>> }
>> 
>> #
>> # assume that most often proteins use HIE
>> #
>> NHIS = NHIE
>> HIS = HIE
>> CHIS = CHIE
> 
> source leaprc.gaff2
----- Source: /opt/conda/dat/leap/cmd/leaprc.gaff2
----- Source of /opt/conda/dat/leap/cmd/leaprc.gaff2 done
>> logFile leap.log
log started: Tue Sep 15 10:02:05 2026

Log file: ./leap.log
>> #
>> # ----- leaprc for loading the general Amber Force field.
>> #       This file is mostly for use with Antechamber
>> #
>> #	load atom type hybridizations
>> #
>> addAtomTypes {
>> 	{ "h1"  "H" "sp3" }
>> 	{ "h2"  "H" "sp3" }
>> 	{ "h3"  "H" "sp3" }
>> 	{ "h4"  "H" "sp3" }
>> 	{ "h5"  "H" "sp3" }
>> 	{ "ha"  "H" "sp3" }
>> 	{ "hc"  "H" "sp3" }
>> 	{ "hn"  "H" "sp3" }
>> 	{ "ho"  "H" "sp3" }
>> 	{ "hp"  "H" "sp3" }
>> 	{ "hs"  "H" "sp3" }
>> 	{ "hw"  "H" "sp3" }
>> 	{ "hx"  "H" "sp3" }
>> 	{ "o"  "O" "sp2" }
>> 	{ "o2"  "O" "sp2" }
>> 	{ "oh"  "O" "sp3" }
>> 	{ "op"  "O" "sp3" }
>> 	{ "oq"  "O" "sp3" }
>> 	{ "os"  "O" "sp3" }
>> 	{ "ow"  "O" "sp3" }
>> 	{ "c"  "C" "sp2" }
>> 	{ "c1"  "C" "sp2" }
>> 	{ "c2"  "C" "sp2" }
>> 	{ "c3"  "C" "sp3" }
>> 	{ "c5"  "C" "sp3" }
>> 	{ "c6"  "C" "sp3" }
>> 	{ "ca"  "C" "sp2" }
>> 	{ "cc"  "C" "sp2" }
>> 	{ "cd"  "C" "sp2" }
>> 	{ "ce"  "C" "sp2" }
>> 	{ "cf"  "C" "sp2" }
>> 	{ "cg"  "C" "sp2" }
>> 	{ "ch"  "C" "sp2" }
>> 	{ "cp"  "C" "sp2" }
>> 	{ "cs"  "C" "sp2" }
>> 	{ "cq"  "C" "sp2" }
>> 	{ "cu"  "C" "sp2" }
>> 	{ "cv"  "C" "sp2" }
>> 	{ "cx"  "C" "sp2" }
>> 	{ "cy"  "C" "sp2" }
>> 	{ "cz"  "C" "sp2" }
>> 	{ "n"   "N" "sp2" }
>> 	{ "n1"  "N" "sp2" }
>> 	{ "n2"  "N" "sp2" }
>> 	{ "n3"  "N" "sp3" }
>> 	{ "n4"  "N" "sp3" }
>> 	{ "n5"  "N" "sp3" }
>> 	{ "n6"  "N" "sp3" }
>> 	{ "n7"  "N" "sp3" }
>> 	{ "n8"  "N" "sp3" }
>> 	{ "n9"  "N" "sp3" }
>> 	{ "na"  "N" "sp2" }
>> 	{ "nb"  "N" "sp2" }
>> 	{ "nc"  "N" "sp2" }
>> 	{ "nd"  "N" "sp2" }
>> 	{ "ne"  "N" "sp2" }
>> 	{ "nf"  "N" "sp2" }
>> 	{ "nh"  "N" "sp2" }
>> 	{ "ni"  "N" "sp2" }
>> 	{ "nj"  "N" "sp2" }
>> 	{ "nk"  "N" "sp3" }
>> 	{ "nl"  "N" "sp3" }
>> 	{ "nm"  "N" "sp2" }
>> 	{ "nn"  "N" "sp2" }
>> 	{ "no"  "N" "sp2" }
>> 	{ "np"  "N" "sp3" }
>> 	{ "nq"  "N" "sp3" }
>> 	{ "ns"  "N" "sp2" }
>> 	{ "nt"  "N" "sp2" }
>> 	{ "nu"  "N" "sp2" }
>> 	{ "nv"  "N" "sp2" }
>> 	{ "nx"  "N" "sp3" }
>> 	{ "ny"  "N" "sp3" }
>> 	{ "nz"  "N" "sp3" }
>> 	{ "n+"  "N" "sp3" }
>> 	{ "s"   "S" "sp2" }
>> 	{ "s2"   "S" "sp2" }
>> 	{ "s3"   "S" "sp3" }
>> 	{ "s4"   "S" "sp3" }
>> 	{ "s6"   "S" "sp3" }
>> 	{ "sh"   "S" "sp3" }
>> 	{ "sp"   "S" "sp3" }
>> 	{ "sq"   "S" "sp3" }
>> 	{ "ss"   "S" "sp3" }
>> 	{ "sx"   "S" "sp3" }
>> 	{ "sy"   "S" "sp3" }
>> 	{ "p2"   "P" "sp2" }
>> 	{ "p3"   "P" "sp3" }
>> 	{ "p4"   "P" "sp3" }
>> 	{ "p5"   "P" "sp3" }
>> 	{ "pb"   "P" "sp3" }
>> 	{ "pc"   "P" "sp3" }
>> 	{ "pd"   "P" "sp3" }
>> 	{ "pe"   "P" "sp3" }
>> 	{ "pf"   "P" "sp3" }
>> 	{ "px"   "P" "sp3" }
>> 	{ "py"   "P" "sp3" }
>> 	{ "f"   "F" "sp3" }
>> 	{ "cl"  "Cl" "sp3" }
>> 	{ "br"  "Br" "sp3" }
>> 	{ "i"   "I"  "sp3" }
>> }
>> #
>> #	Load the general force field parameter set.
>> #
>> gaff = loadamberparams gaff2.dat
Loading parameters: /opt/conda/dat/leap/parm/gaff2.dat
Reading title:
AMBER General Force Field for organic molecules (Version 2.2.20, March 2021)
> 
> loadAmberParams ligand.frcmod
Loading parameters: ./ligand.frcmod
Reading force field modification type file (frcmod)
Reading title:
Remark line goes here
> LIG = loadMol2 ligand_native_pose.mol2
Loading Mol2 file: ./ligand_native_pose.mol2
Reading MOLECULE named NEC
> REC = loadPdb protein.pdb
Loading PDB file: ./protein.pdb
Matching PDB residue names to LEaP variables.
Mapped residue SER, term: Terminal/beginning, seq. number: 0 to: NSER.
Mapped residue SER, term: Terminal/last, seq. number: 299 to: CSER.
Mapped residue ALA, term: Terminal/beginning, seq. number: 300 to: NALA.
Mapped residue LEU, term: Terminal/last, seq. number: 513 to: CLEU.
  total atoms in file: 8194
  Leap added 2 missing atoms according to residue templates:
       2 H / lone pairs
> COM = combine {REC LIG}
  Sequence: default_name
  Sequence: NEC
> check COM
Checking 'COM'....

/opt/conda/bin/teLeap: Warning!
The unperturbed charge of the unit (10.001000) is not zero.

/opt/conda/bin/teLeap: Warning!
Close contact of 1.347 angstroms between nonbonded atoms HG2 and HG3
-------  .R<GLN 516>.A<HG2 9> and .R<GLN 516>.A<HG3 10>

/opt/conda/bin/teLeap: Warning!
Close contact of 1.452 angstroms between nonbonded atoms HE21 and HE22
-------  .R<GLN 516>.A<HE21 14> and .R<GLN 516>.A<HE22 15>

/opt/conda/bin/teLeap: Warning!
Close contact of 1.192 angstroms between nonbonded atoms HB2 and HB3
-------  .R<TYR 484>.A<HB2 6> and .R<TYR 484>.A<HB3 7>

/opt/conda/bin/teLeap: Warning!
Close contact of 1.368 angstroms between nonbonded atoms HA2 and HA3
-------  .R<GLY 481>.A<HA2 4> and .R<GLY 481>.A<HA3 5>

/opt/conda/bin/teLeap: Warning!
Close contact of 1.418 angstroms between nonbonded atoms HG22 and HG23
-------  .R<ILE 467>.A<HG22 9> and .R<ILE 467>.A<HG23 10>

/opt/conda/bin/teLeap: Warning!
Close contact of 1.499 angstroms between nonbonded atoms HB2 and HB3
-------  .R<TYR 465>.A<HB2 6> and .R<TYR 465>.A<HB3 7>

/opt/conda/bin/teLeap: Warning!
Close contact of 1.239 angstroms between nonbonded atoms HG2 and HG3
-------  .R<PRO 452>.A<HG2 6> and .R<PRO 452>.A<HG3 7>

/opt/conda/bin/teLeap: Warning!
Close contact of 1.450 angstroms between nonbonded atoms HB2 and HB3
-------  .R<TYR 437>.A<HB2 6> and .R<TYR 437>.A<HB3 7>

/opt/conda/bin/teLeap: Warning!
Close contact of 1.276 angstroms between nonbonded atoms HD2 and HD3
-------  .R<ARG 409>.A<HD2 12> and .R<ARG 409>.A<HD3 13>

/opt/conda/bin/teLeap: Warning!
Close contact of 1.309 angstroms between nonbonded atoms HB2 and HB3
-------  .R<PHE 382>.A<HB2 6> and .R<PHE 382>.A<HB3 7>

/opt/conda/bin/teLeap: Warning!
Close contact of 1.493 angstroms between nonbonded atoms H and O
-------  .R<TRP 370>.A<H 2> and .R<LYS 369>.A<O 22>

/opt/conda/bin/teLeap: Warning!
Close contact of 1.496 angstroms between nonbonded atoms N and O
-------  .R<ARG 368>.A<N 1> and .R<ARG 367>.A<O 24>

/opt/conda/bin/teLeap: Warning!
Close contact of 1.328 angstroms between nonbonded atoms N and O
-------  .R<GLU 366>.A<N 1> and .R<ASP 365>.A<O 12>

/opt/conda/bin/teLeap: Warning!
Close contact of 1.413 angstroms between nonbonded atoms H and O
-------  .R<GLU 366>.A<H 2> and .R<ASP 365>.A<O 12>

/opt/conda/bin/teLeap: Warning!
Close contact of 1.300 angstroms between nonbonded atoms HB2 and HB3
-------  .R<GLU 345>.A<HB2 6> and .R<GLU 345>.A<HB3 7>

/opt/conda/bin/teLeap: Warning!
Close contact of 1.403 angstroms between nonbonded atoms HB2 and HB3
-------  .R<SER 341>.A<HB2 6> and .R<SER 341>.A<HB3 7>

/opt/conda/bin/teLeap: Warning!
Close contact of 1.299 angstroms between nonbonded atoms N and O
-------  .R<GLY 338>.A<N 1> and .R<SER 337>.A<O 11>

/opt/conda/bin/teLeap: Warning!
Close contact of 1.435 angstroms between nonbonded atoms H and O
-------  .R<GLY 338>.A<H 2> and .R<SER 337>.A<O 11>

/opt/conda/bin/teLeap: Warning!
Close contact of 1.426 angstroms between nonbonded atoms N and O
-------  .R<GLY 333>.A<N 1> and .R<GLY 332>.A<O 7>

/opt/conda/bin/teLeap: Warning!
Close contact of 1.498 angstroms between nonbonded atoms N and O
-------  .R<GLY 332>.A<N 1> and .R<HID 331>.A<O 17>

/opt/conda/bin/teLeap: Warning!
Close contact of 1.348 angstroms between nonbonded atoms HB2 and HB3
-------  .R<HID 331>.A<HB2 6> and .R<HID 331>.A<HB3 7>

/opt/conda/bin/teLeap: Warning!
Close contact of 1.320 angstroms between nonbonded atoms N and O
-------  .R<TYR 330>.A<N 1> and .R<ILE 329>.A<O 19>

/opt/conda/bin/teLeap: Warning!
Close contact of 1.380 angstroms between nonbonded atoms H and O
-------  .R<TYR 330>.A<H 2> and .R<ILE 329>.A<O 19>

/opt/conda/bin/teLeap: Warning!
Close contact of 0.225 angstroms between nonbonded atoms H1 and H2
-------  .R<NALA 306>.A<H1 2> and .R<NALA 306>.A<H2 3>

/opt/conda/bin/teLeap: Warning!
Close contact of 1.264 angstroms between nonbonded atoms O and OXT
-------  .R<CSER 305>.A<O 11> and .R<CSER 305>.A<OXT 12>

/opt/conda/bin/teLeap: Warning!
Close contact of 1.388 angstroms between nonbonded atoms HB2 and HB3
-------  .R<LYS 301>.A<HB2 6> and .R<LYS 301>.A<HB3 7>

/opt/conda/bin/teLeap: Warning!
Close contact of 1.402 angstroms between nonbonded atoms HB2 and HB3
-------  .R<ARG 293>.A<HB2 6> and .R<ARG 293>.A<HB3 7>

/opt/conda/bin/teLeap: Warning!
Close contact of 1.488 angstroms between nonbonded atoms HB2 and HB3
-------  .R<PHE 286>.A<HB2 6> and .R<PHE 286>.A<HB3 7>

/opt/conda/bin/teLeap: Warning!
Close contact of 1.328 angstroms between nonbonded atoms HB2 and HB3
-------  .R<MET 270>.A<HB2 6> and .R<MET 270>.A<HB3 7>

/opt/conda/bin/teLeap: Warning!
Close contact of 1.488 angstroms between nonbonded atoms HG2 and HG3
-------  .R<MET 270>.A<HG2 9> and .R<MET 270>.A<HG3 10>

/opt/conda/bin/teLeap: Warning!
Close contact of 1.403 angstroms between nonbonded atoms H and C
-------  .R<ARG 222>.A<H 2> and .R<ALA 221>.A<C 9>

/opt/conda/bin/teLeap: Warning!
Close contact of 1.301 angstroms between nonbonded atoms N and O
-------  .R<GLY 218>.A<N 1> and .R<PRO 217>.A<O 14>

/opt/conda/bin/teLeap: Warning!
Close contact of 1.387 angstroms between nonbonded atoms H and O
-------  .R<GLY 218>.A<H 2> and .R<PRO 217>.A<O 14>

/opt/conda/bin/teLeap: Warning!
Close contact of 1.312 angstroms between nonbonded atoms N and O
-------  .R<GLN 214>.A<N 1> and .R<SER 213>.A<O 11>

/opt/conda/bin/teLeap: Warning!
Close contact of 1.495 angstroms between nonbonded atoms N and CB
-------  .R<GLU 212>.A<N 1> and .R<GLU 212>.A<CB 5>

/opt/conda/bin/teLeap: Warning!
Close contact of 1.123 angstroms between nonbonded atoms HB2 and HB3
-------  .R<GLU 212>.A<HB2 6> and .R<GLU 212>.A<HB3 7>

/opt/conda/bin/teLeap: Warning!
Close contact of 1.445 angstroms between nonbonded atoms N and O
-------  .R<GLN 210>.A<N 1> and .R<LYS 209>.A<O 22>

/opt/conda/bin/teLeap: Warning!
Close contact of 1.271 angstroms between nonbonded atoms HG2 and HG3
-------  .R<GLN 210>.A<HG2 9> and .R<GLN 210>.A<HG3 10>

/opt/conda/bin/teLeap: Warning!
Close contact of 1.383 angstroms between nonbonded atoms HG2 and HG3
-------  .R<LYS 209>.A<HG2 9> and .R<LYS 209>.A<HG3 10>

/opt/conda/bin/teLeap: Warning!
Close contact of 1.417 angstroms between nonbonded atoms N and HA
-------  .R<LEU 208>.A<N 1> and .R<LEU 208>.A<HA 4>

/opt/conda/bin/teLeap: Warning!
Close contact of 1.465 angstroms between nonbonded atoms HB2 and HB3
-------  .R<GLN 207>.A<HB2 6> and .R<GLN 207>.A<HB3 7>

/opt/conda/bin/teLeap: Warning!
Close contact of 1.237 angstroms between nonbonded atoms HA2 and HA3
-------  .R<GLY 195>.A<HA2 4> and .R<GLY 195>.A<HA3 5>

/opt/conda/bin/teLeap: Warning!
Close contact of 1.454 angstroms between nonbonded atoms HB2 and HB3
-------  .R<PRO 189>.A<HB2 9> and .R<PRO 189>.A<HB3 10>

/opt/conda/bin/teLeap: Warning!
Close contact of 1.303 angstroms between nonbonded atoms HD2 and HD3
-------  .R<PRO 139>.A<HD2 3> and .R<PRO 139>.A<HD3 4>

/opt/conda/bin/teLeap: Warning!
Close contact of 1.333 angstroms between nonbonded atoms HG2 and HG3
-------  .R<LYS 122>.A<HG2 9> and .R<LYS 122>.A<HG3 10>

/opt/conda/bin/teLeap: Warning!
Close contact of 1.303 angstroms between nonbonded atoms HG12 and HG13
-------  .R<ILE 108>.A<HG12 12> and .R<ILE 108>.A<HG13 13>

/opt/conda/bin/teLeap: Warning!
Close contact of 1.273 angstroms between nonbonded atoms HB2 and HB3
-------  .R<PHE 70>.A<HB2 6> and .R<PHE 70>.A<HB3 7>

/opt/conda/bin/teLeap: Warning!
Close contact of 1.396 angstroms between nonbonded atoms H5 and H1
-------  .R<NEC 520>.A<H5 28> and .R<NEC 520>.A<H1 24>

/opt/conda/bin/teLeap: Warning!
Close contact of 0.963 angstroms between nonbonded atoms H5 and C1
-------  .R<NEC 520>.A<H5 28> and .R<NEC 520>.A<C1 4>

/opt/conda/bin/teLeap: Warning!
Close contact of 0.962 angstroms between nonbonded atoms H1 and C2
-------  .R<NEC 520>.A<H1 24> and .R<NEC 520>.A<C2 5>

/opt/conda/bin/teLeap: Warning!
Close contact of 1.446 angstroms between nonbonded atoms H and C
-------  .R<NEC 520>.A<H 23> and .R<NEC 520>.A<C 1>
Checking parameters for unit 'COM'.
Checking for bond parameters.
Checking for angle parameters.
check:  Warnings: 52
Unit is OK.
> saveAmberParm COM complex.prmtop complex.inpcrd
Checking Unit.

/opt/conda/bin/teLeap: Warning!
The unperturbed charge of the unit (10.001000) is not zero.

/opt/conda/bin/teLeap: Note.
Ignoring the warning from Unit Checking.

Building topology.
Building atom parameters.
Building bond parameters.
Building angle parameters.
Building proper torsion parameters.
Building improper torsion parameters.
 total 1727 improper torsions applied
Building H-Bond parameters.
Incorporating Non-Bonded adjustments.
Not Marking per-residue atom chain types.
Marking per-residue atom chain types.
  (Residues lacking connect0/connect1 - 
   these don't have chain types marked:

	res	total affected

	CLEU	1
	CSER	1
	NALA	1
	NEC	1
	NSER	1
  )
 (no restraints)
> savePdb COM complex.pdb
Writing pdb file: complex.pdb

/opt/conda/bin/teLeap: Warning!
 Converting N-terminal residue name to PDB format: NSER -> SER

/opt/conda/bin/teLeap: Warning!
 Converting C-terminal residue name to PDB format: CSER -> SER

/opt/conda/bin/teLeap: Warning!
 Converting N-terminal residue name to PDB format: NALA -> ALA

/opt/conda/bin/teLeap: Warning!
 Converting C-terminal residue name to PDB format: CLEU -> LEU
> quit
	Quit

Exiting LEaP: Errors = 0; Warnings = 57; Notes = 1.
